BL51 BANKED LINKER/LOCATER V6.22                                                        08/05/2016  10:34:40  PAGE 1


BL51 BANKED LINKER/LOCATER V6.22, INVOKED BY:
C:\KEIL_V5\C51\BIN\BL51.EXE .\Objects\STARTUP.obj, .\Objects\Basic.obj, .\Objects\CUError.obj, .\Objects\MyMem.obj, .\Ob
>> jects\TestDB.obj, .\Objects\TestRun.obj, .\Objects\Util.obj, .\Objects\BasicTest.obj, .\Objects\ExampleTests.obj TO .
>> \Objects\example PRINT (.\Listings\example.m51) RAMSIZE (256) XDATA (0X0-0X7FFF) NOOVERLAY


MEMORY MODEL: LARGE WITH FLOATING POINT ARITHMETIC


INPUT MODULES INCLUDED:
  .\Objects\STARTUP.obj (?C_STARTUP)
  .\Objects\Basic.obj (BASIC)
  .\Objects\CUError.obj (CUERROR)
  .\Objects\MyMem.obj (MYMEM)
  .\Objects\TestDB.obj (TESTDB)
  .\Objects\TestRun.obj (TESTRUN)
  .\Objects\Util.obj (UTIL)
  .\Objects\BasicTest.obj (BASICTEST)
  .\Objects\ExampleTests.obj (EXAMPLETESTS)
  C:\KEIL_V5\C51\LIB\C51FPL.LIB (?C?FPADD)
  C:\KEIL_V5\C51\LIB\C51FPL.LIB (?C?FPCMP)
  C:\KEIL_V5\C51\LIB\C51FPL.LIB (?C?FCAST)
  C:\KEIL_V5\C51\LIB\C51FPL.LIB (PRINTF)
  C:\KEIL_V5\C51\LIB\C51FPL.LIB (FABS)
  C:\KEIL_V5\C51\LIB\C51FPL.LIB (?C?FPGETOPN)
  C:\KEIL_V5\C51\LIB\C51FPL.LIB (?C?FPROUND)
  C:\KEIL_V5\C51\LIB\C51FPL.LIB (?C?FPCONVERT)
  C:\KEIL_V5\C51\LIB\C51FPL.LIB (?C?FPMUL)
  C:\KEIL_V5\C51\LIB\C51FPL.LIB (?C?FPDIV)
  C:\KEIL_V5\C51\LIB\C51FPL.LIB (?C?FTNPWR)
  C:\KEIL_V5\C51\LIB\C51L.LIB (?C_INIT)
  C:\KEIL_V5\C51\LIB\C51L.LIB (?C?COPY)
  C:\KEIL_V5\C51\LIB\C51L.LIB (?C?CLDPTR)
  C:\KEIL_V5\C51\LIB\C51L.LIB (?C?CLDOPTR)
  C:\KEIL_V5\C51\LIB\C51L.LIB (?C?CSTPTR)
  C:\KEIL_V5\C51\LIB\C51L.LIB (?C?CSTOPTR)
  C:\KEIL_V5\C51\LIB\C51L.LIB (?C?IILDX)
  C:\KEIL_V5\C51\LIB\C51L.LIB (?C?ILDIX)
  C:\KEIL_V5\C51\LIB\C51L.LIB (?C?ILDPTR)
  C:\KEIL_V5\C51\LIB\C51L.LIB (?C?ILDOPTR)
  C:\KEIL_V5\C51\LIB\C51L.LIB (?C?IILDPTR)
  C:\KEIL_V5\C51\LIB\C51L.LIB (?C?IILDOPTR)
  C:\KEIL_V5\C51\LIB\C51L.LIB (?C?ISTPTR)
  C:\KEIL_V5\C51\LIB\C51L.LIB (?C?ISTOPTR)
  C:\KEIL_V5\C51\LIB\C51L.LIB (?C?LNEG)
  C:\KEIL_V5\C51\LIB\C51L.LIB (?C?LSTXDATA)
  C:\KEIL_V5\C51\LIB\C51L.LIB (?C?LSTKOPTR)
  C:\KEIL_V5\C51\LIB\C51L.LIB (?C?OFFXADD)
  C:\KEIL_V5\C51\LIB\C51L.LIB (?C?PLDIXDATA)
  C:\KEIL_V5\C51\LIB\C51L.LIB (?C?PSTXDATA)
  C:\KEIL_V5\C51\LIB\C51L.LIB (?C?PLDPTR)
  C:\KEIL_V5\C51\LIB\C51L.LIB (?C?PSTPTR)
  C:\KEIL_V5\C51\LIB\C51L.LIB (?C?PLDOPTR)
  C:\KEIL_V5\C51\LIB\C51L.LIB (?C?PSTOPTR)
  C:\KEIL_V5\C51\LIB\C51L.LIB (?C?CCASE)
  C:\KEIL_V5\C51\LIB\C51L.LIB (?C?ICALL)
  C:\KEIL_V5\C51\LIB\C51L.LIB (ISSPACE)
  C:\KEIL_V5\C51\LIB\C51L.LIB (TOUPPER)
BL51 BANKED LINKER/LOCATER V6.22                                                      08/05/2016  10:34:40  PAGE 2


  C:\KEIL_V5\C51\LIB\C51L.LIB (?C?STRCMP)
  C:\KEIL_V5\C51\LIB\C51L.LIB (STRNCMP)
  C:\KEIL_V5\C51\LIB\C51L.LIB (?C?STRCPY)
  C:\KEIL_V5\C51\LIB\C51L.LIB (STRLEN)
  C:\KEIL_V5\C51\LIB\C51L.LIB (SETJMP)
  C:\KEIL_V5\C51\LIB\C51L.LIB (MALLOC)
  C:\KEIL_V5\C51\LIB\C51L.LIB (INIT_MEM)
  C:\KEIL_V5\C51\LIB\C51L.LIB (FREE)
  C:\KEIL_V5\C51\LIB\C51L.LIB (?C?LSTKIDATA)
  C:\KEIL_V5\C51\LIB\C51L.LIB (?C?LSTKXDATA)
  C:\KEIL_V5\C51\LIB\C51L.LIB (?C?LSTKPDATA)
  C:\KEIL_V5\C51\LIB\C51L.LIB (?C?PLDIDATA)
  C:\KEIL_V5\C51\LIB\C51L.LIB (?C?PSTIDATA)
  C:\KEIL_V5\C51\LIB\C51L.LIB (?C?PLDXDATA)
  C:\KEIL_V5\C51\LIB\C51L.LIB (?C?PLDPDATA)
  C:\KEIL_V5\C51\LIB\C51L.LIB (?C?PSTPDATA)
  C:\KEIL_V5\C51\LIB\C51L.LIB (?C?PLDCODE)
  C:\KEIL_V5\C51\LIB\C51L.LIB (?C_XBP)
  C:\KEIL_V5\C51\LIB\C51L.LIB (?C_IBP)
  C:\KEIL_V5\C51\LIB\C51L.LIB (?C_PBP)


LINK MAP OF MODULE:  .\Objects\example (?C_STARTUP)


            TYPE    BASE      LENGTH    RELOCATION   SEGMENT NAME
            -----------------------------------------------------

            * * * * * * *   D A T A   M E M O R Y   * * * * * * *
            REG     0000H     0008H     ABSOLUTE     "REG BANK 0"
            REG     0008H     0008H     ABSOLUTE     "REG BANK 1"
            DATA    0010H     0005H     UNIT         ?DT?PRINTF?PRINTF
            DATA    0015H     0004H     UNIT         ?C?LIB_DATA
                    0019H     0007H                  *** GAP ***
            BIT     0020H.0   0001H.1   UNIT         ?BI?PRINTF?PRINTF
            BIT     0021H.1   0000H.2   UNIT         ?BI?BASICTEST
                    0021H.3   0000H.5                *** GAP ***
            IDATA   0022H     0010H     UNIT         ?ID?BASICTEST
            IDATA   0032H     0001H     UNIT         ?STACK

            * * * * * * *  X D A T A   M E M O R Y  * * * * * * *
            XDATA   0000H     2802H     UNIT         ?XD?MAIN?BASICTEST
            XDATA   2802H     0210H     UNIT         ?XD?EXAMPLETESTS
            XDATA   2A12H     0089H     UNIT         ?XD?CUERROR
            XDATA   2A9BH     006FH     UNIT         ?XD?TESTRUN
            XDATA   2B0AH     0038H     UNIT         ?XD?_CU_REGISTER_NSUITES?TESTDB
            XDATA   2B42H     0030H     UNIT         ?XD?PRINTF?PRINTF
            XDATA   2B72H     0021H     UNIT         ?XD?_CU_NUMBER_WIDTH?UTIL
            XDATA   2B93H     001DH     UNIT         ?XD?CU_GET_RUN_RESULTS_STRING?TESTRUN
            XDATA   2BB0H     001BH     UNIT         ?XD?_ADD_FAILURE?TESTRUN
            XDATA   2BCBH     0016H     UNIT         ?XD?TESTASSERTNSTRINGEQUAL?EXAMPLETESTS
            XDATA   2BE1H     0013H     UNIT         ?XD?_CU_ADD_SUITE_WITH_SETUP_AND_TEARDOWN?TESTDB
            XDATA   2BF4H     0013H     UNIT         ?XD?_RUN_SINGLE_TEST?TESTRUN
            XDATA   2C07H     0013H     UNIT         ?XD?TESTASSERTNSTRINGNOTEQUAL?EXAMPLETESTS
            XDATA   2C1AH     0012H     UNIT         ?XD?_CREATE_SUITE?TESTDB
            XDATA   2C2CH     0011H     UNIT         ?XD?_CU_TRANSLATE_SPECIAL_CHARACTERS?UTIL
            XDATA   2C3DH     0010H     UNIT         ?XD?TESTASSERTSTRINGEQUAL?EXAMPLETESTS
BL51 BANKED LINKER/LOCATER V6.22                                                      08/05/2016  10:34:40  PAGE 3


            XDATA   2C4DH     0010H     UNIT         ?XD?TESTASSERTSTRINGNOTEQUAL?EXAMPLETESTS
            XDATA   2C5DH     000FH     UNIT         ?XD?_CU_ASSERTIMPLEMENTATION?TESTRUN
            XDATA   2C6CH     000FH     UNIT         ?XD?_RUN_SINGLE_SUITE?TESTRUN
            XDATA   2C7BH     000EH     UNIT         ?XD?_BASIC_TEST_COMPLETE_MESSAGE_HANDLER?BASIC
            XDATA   2C89H     000DH     UNIT         ?XD?_CU_ADD_TEST?TESTDB
            XDATA   2C96H     000CH     UNIT         ?XD?_CU_GET_TEST_POS_BY_NAME?TESTDB
            XDATA   2CA2H     000CH     UNIT         ?XD?_CU_GET_SUITE_BY_NAME?TESTDB
            XDATA   2CAEH     000CH     UNIT         ?XD?_CU_GET_TEST_BY_NAME?TESTDB
            XDATA   2CBAH     000CH     UNIT         ?XD?UTIL
            XDATA   2CC6H     000BH     UNIT         ?XD?_CU_GET_TEST_POS?TESTDB
            XDATA   2CD1H     000BH     UNIT         ?XD?_CU_TRIM_LEFT?UTIL
            XDATA   2CDCH     000AH     UNIT         ?XD?_CU_GET_TEST?TESTDB
            XDATA   2CE6H     0009H     UNIT         ?XD?_CU_ADD_SUITE?TESTDB
            XDATA   2CEFH     0009H     UNIT         ?XD?_CU_GET_SUITE_POS_BY_NAME?TESTDB
            XDATA   2CF8H     0009H     UNIT         ?XD?_CLEANUP_TEST_REGISTRY?TESTDB
            XDATA   2D01H     0009H     UNIT         ?XD?_CLEANUP_SUITE?TESTDB
            XDATA   2D0AH     0009H     UNIT         ?XD?_INSERT_SUITE?TESTDB
            XDATA   2D13H     0009H     UNIT         ?XD?_CREATE_TEST?TESTDB
            XDATA   2D1CH     0009H     UNIT         ?XD?_INSERT_TEST?TESTDB
            XDATA   2D25H     0009H     UNIT         ?XD?_SUITE_EXISTS?TESTDB
            XDATA   2D2EH     0009H     UNIT         ?XD?_TEST_EXISTS?TESTDB
            XDATA   2D37H     0009H     UNIT         ?XD?_CLEANUP_FAILURE_LIST?TESTRUN
            XDATA   2D40H     0008H     UNIT         ?XD?_CU_GET_SUITE_POS?TESTDB
            XDATA   2D48H     0008H     UNIT         ?XD?_CU_GET_SUITE_BY_INDEX?TESTDB
            XDATA   2D50H     0008H     UNIT         ?XD?_CU_GET_TEST_BY_INDEX?TESTDB
            XDATA   2D58H     0008H     UNIT         ?XD?_CU_TRIM_RIGHT?UTIL
            XDATA   2D60H     0008H     UNIT         ?XD?_STRNCMP?STRNCMP
            XDATA   2D68H     0008H     UNIT         ?XD?INIT_MEM
            XDATA   2D70H     0007H     UNIT         ?XD?_BASIC_RUN_ALL_TESTS?BASIC
            XDATA   2D77H     0007H     UNIT         ?XD?_CU_SET_SUITE_NAME?TESTDB
            XDATA   2D7EH     0007H     UNIT         ?XD?_CU_SET_SUITE_INITFUNC?TESTDB
            XDATA   2D85H     0007H     UNIT         ?XD?_CU_SET_SUITE_CLEANUPFUNC?TESTDB
            XDATA   2D8CH     0007H     UNIT         ?XD?_CU_GET_SUITE?TESTDB
            XDATA   2D93H     0007H     UNIT         ?XD?_CU_SET_TEST_NAME?TESTDB
            XDATA   2D9AH     0007H     UNIT         ?XD?_CU_SET_TEST_FUNC?TESTDB
            XDATA   2DA1H     0007H     UNIT         ?XD?_CU_GET_TEST_AT_POS?TESTDB
            XDATA   2DA8H     0007H     UNIT         ?XD?CU_RUN_ALL_TESTS?TESTRUN
            XDATA   2DAFH     0007H     UNIT         ?XD?_CU_RUN_TEST?TESTRUN
            XDATA   2DB6H     0006H     UNIT         ?XD?_CU_BASIC_RUN_TEST?BASIC
            XDATA   2DBCH     0006H     UNIT         ?XD?_BASIC_RUN_SINGLE_TEST?BASIC
            XDATA   2DC2H     0006H     UNIT         ?XD?_BASIC_TEST_START_MESSAGE_HANDLER?BASIC
            XDATA   2DC8H     0006H     UNIT         ?XD?_CU_SET_REGISTRY?TESTDB
            XDATA   2DCEH     0006H     UNIT         ?XD?_CU_PRINT_RUN_RESULTS?TESTRUN
            XDATA   2DD4H     0006H     UNIT         ?XD?_CLEAR_PREVIOUS_RESULTS?TESTRUN
            XDATA   2DDAH     0006H     UNIT         ?XD?_CU_COMPARE_STRINGS?UTIL
            XDATA   2DE0H     0006H     UNIT         ?XD?_MALLOC?MALLOC
            XDATA   2DE6H     0006H     UNIT         ?XD?_FREE?FREE
            XDATA   2DECH     0005H     UNIT         ?XD?_CU_BASIC_SHOW_FAILURES?BASIC
            XDATA   2DF1H     0005H     UNIT         ?XD?_CU_TRANSLATED_STRLEN?UTIL
            XDATA   2DF6H     0004H     UNIT         ?XD?BASIC
            XDATA   2DFAH     0004H     UNIT         ?XD?_CU_SET_SUITE_ACTIVE?TESTDB
            XDATA   2DFEH     0004H     UNIT         ?XD?_CU_GET_SUITE_AT_POS?TESTDB
            XDATA   2E02H     0004H     UNIT         ?XD?_CU_SET_TEST_ACTIVE?TESTDB
            XDATA   2E06H     0004H     UNIT         ?XD?_CU_RUN_SUITE?TESTRUN
            XDATA   2E0AH     0004H     UNIT         ?XD?BASICTEST
            XDATA   2E0EH     0003H     UNIT         ?XD?_CU_BASIC_RUN_SUITE?BASIC
            XDATA   2E11H     0003H     UNIT         ?XD?_BASIC_RUN_SUITE?BASIC
BL51 BANKED LINKER/LOCATER V6.22                                                      08/05/2016  10:34:40  PAGE 4


            XDATA   2E14H     0003H     UNIT         ?XD?_BASIC_ALL_TESTS_COMPLETE_MESSAGE_HANDLER?BASIC
            XDATA   2E17H     0003H     UNIT         ?XD?_BASIC_SUITE_INIT_FAILURE_MESSAGE_HANDLER?BASIC
            XDATA   2E1AH     0003H     UNIT         ?XD?_BASIC_SUITE_CLEANUP_FAILURE_MESSAGE_HANDLER?BASIC
            XDATA   2E1DH     0003H     UNIT         ?XD?_CLEANUP_TEST?TESTDB
            XDATA   2E20H     0003H     UNIT         ?XD?CU_CREATE_NEW_REGISTRY?TESTDB
            XDATA   2E23H     0003H     UNIT         ?XD?_CU_DESTROY_EXISTING_REGISTRY?TESTDB
            XDATA   2E26H     0003H     UNIT         ?XD?TESTDB
            XDATA   2E29H     0003H     UNIT         ?XD?_CU_TRIM?UTIL
            XDATA   2E2CH     0001H     UNIT         ?XD?CU_BASIC_RUN_TESTS?BASIC
            XDATA   2E2DH     0001H     UNIT         ?XD?_CU_SET_ERROR?CUERROR
            XDATA   2E2EH     0001H     UNIT         ?XD?_GET_ERROR_DESC?CUERROR
            XDATA   2E2FH     0001H     UNIT         ?XD?CU_INITIALIZE_REGISTRY?TESTDB

            * * * * * * *   C O D E   M E M O R Y   * * * * * * *
            CODE    0000H     0003H     ABSOLUTE     
            CODE    0003H     0020H     UNIT         ?PR?_GETKEY?BASICTEST
            CODE    0023H     0003H     ABSOLUTE     
            CODE    0026H     0F1EH     UNIT         ?CO?EXAMPLETESTS
            CODE    0F44H     0CCFH     UNIT         ?C?LIB_CODE
            CODE    1C13H     0CABH     UNIT         ?PR?CU_GET_RUN_RESULTS_STRING?TESTRUN
            CODE    28BEH     0491H     UNIT         ?PR?_RUN_SINGLE_SUITE?TESTRUN
            CODE    2D4FH     0483H     UNIT         ?PR?PRINTF?PRINTF
            CODE    31D2H     03B3H     UNIT         ?PR?_ADD_FAILURE?TESTRUN
            CODE    3585H     038EH     UNIT         ?C_INITSEG
            CODE    3913H     0340H     UNIT         ?PR?TESTASSERTDOUBLEEQUAL?EXAMPLETESTS
            CODE    3C53H     0340H     UNIT         ?PR?TESTASSERTDOUBLENOTEQUAL?EXAMPLETESTS
            CODE    3F93H     0330H     UNIT         ?PR?_CU_RUN_TEST?TESTRUN
            CODE    42C3H     030BH     UNIT         ?PR?_RUN_SINGLE_TEST?TESTRUN
            CODE    45CEH     02DCH     UNIT         ?CO?TESTRUN
            CODE    48AAH     02B5H     UNIT         ?CO?TESTDB
            CODE    4B5FH     0284H     UNIT         ?CO?BASIC
            CODE    4DE3H     0272H     UNIT         ?PR?_BASIC_TEST_COMPLETE_MESSAGE_HANDLER?BASIC
            CODE    5055H     025BH     UNIT         ?PR?_INSERT_TEST?TESTDB
            CODE    52B0H     024BH     UNIT         ?CO?CUERROR
            CODE    54FBH     0208H     UNIT         ?PR?TESTASSERTNSTRINGEQUAL?EXAMPLETESTS
            CODE    5703H     0207H     UNIT         ?PR?_INSERT_SUITE?TESTDB
            CODE    590AH     0200H     UNIT         ?PR?_CU_TRANSLATE_SPECIAL_CHARACTERS?UTIL
            CODE    5B0AH     01F4H     UNIT         ?PR?_CREATE_SUITE?TESTDB
            CODE    5CFEH     01E1H     UNIT         ?PR?_BASIC_TEST_START_MESSAGE_HANDLER?BASIC
            CODE    5EDFH     01DEH     UNIT         ?PR?_CU_REGISTER_NSUITES?TESTDB
            CODE    60BDH     0180H     UNIT         ?PR?TESTASSERTNSTRINGNOTEQUAL?EXAMPLETESTS
            CODE    623DH     017AH     UNIT         ?PR?_CREATE_TEST?TESTDB
            CODE    63B7H     016CH     UNIT         ?PR?TESTASSERTEQUAL?EXAMPLETESTS
            CODE    6523H     0156H     UNIT         ?PR?_CU_ADD_TEST?TESTDB
            CODE    6679H     0156H     UNIT         ?PR?_CU_ASSERTIMPLEMENTATION?TESTRUN
            CODE    67CFH     0151H     UNIT         ?PR?_CU_ADD_SUITE_WITH_SETUP_AND_TEARDOWN?TESTDB
            CODE    6920H     013FH     UNIT         ?PR?_FREE?FREE
            CODE    6A5FH     013EH     UNIT         ?PR?TESTASSERTNOTEQUAL?EXAMPLETESTS
            CODE    6B9DH     012DH     UNIT         ?PR?_CLEANUP_SUITE?TESTDB
            CODE    6CCAH     011CH     UNIT         ?PR?_CU_GET_SUITE_BY_NAME?TESTDB
            CODE    6DE6H     011CH     UNIT         ?PR?_CU_GET_TEST_BY_NAME?TESTDB
            CODE    6F02H     0111H     UNIT         ?PR?TESTSIMPLEASSERT?EXAMPLETESTS
            CODE    7013H     010FH     UNIT         ?PR?_CLEAR_PREVIOUS_RESULTS?TESTRUN
            CODE    7122H     010EH     UNIT         ?PR?CU_RUN_ALL_TESTS?TESTRUN
            CODE    7230H     0108H     UNIT         ?PR?TESTASSERTSTRINGEQUAL?EXAMPLETESTS
            CODE    7338H     0106H     UNIT         ?PR?_CU_GET_TEST_POS_BY_NAME?TESTDB
            CODE    743EH     0102H     UNIT         ?PR?_CU_GET_TEST_POS?TESTDB
BL51 BANKED LINKER/LOCATER V6.22                                                      08/05/2016  10:34:40  PAGE 5


            CODE    7540H     00FCH     UNIT         ?PR?_CLEANUP_TEST_REGISTRY?TESTDB
            CODE    763CH     00F6H     UNIT         ?PR?_CU_BASIC_SHOW_FAILURES?BASIC
            CODE    7732H     00F6H     UNIT         ?PR?_CLEANUP_FAILURE_LIST?TESTRUN
            CODE    7828H     00F6H     UNIT         ?PR?TESTASSERTSTRINGNOTEQUAL?EXAMPLETESTS
            CODE    791EH     00F0H     UNIT         ?PR?_SUITE_EXISTS?TESTDB
            CODE    7A0EH     00F0H     UNIT         ?PR?_TEST_EXISTS?TESTDB
            CODE    7AFEH     00EDH     UNIT         ?PR?_CU_GET_SUITE_POS?TESTDB
            CODE    7BEBH     00EDH     UNIT         ?PR?_CU_GET_SUITE_POS_BY_NAME?TESTDB
            CODE    7CD8H     00EBH     UNIT         ?PR?_CU_COMPARE_STRINGS?UTIL
            CODE    7DC3H     00D8H     UNIT         ?CO?UTIL
            CODE    7E9BH     00D1H     UNIT         ?PR?_MALLOC?MALLOC
            CODE    7F6CH     00CBH     UNIT         ?PR?_CU_TRIM_LEFT?UTIL
            CODE    8037H     00BFH     UNIT         ?PR?_CU_GET_SUITE_BY_INDEX?TESTDB
            CODE    80F6H     00BFH     UNIT         ?PR?_CU_GET_TEST_BY_INDEX?TESTDB
            CODE    81B5H     00B6H     UNIT         ?PR?TESTASSERTTRUE?EXAMPLETESTS
            CODE    826BH     00B6H     UNIT         ?PR?TESTASSERTFALSE?EXAMPLETESTS
            CODE    8321H     00B1H     UNIT         ?PR?_CU_SET_SUITE_NAME?TESTDB
            CODE    83D2H     00B1H     UNIT         ?PR?_CU_SET_TEST_NAME?TESTDB
            CODE    8483H     00B0H     UNIT         ?PR?_CU_RUN_SUITE?TESTRUN
            CODE    8533H     00ACH     UNIT         ?PR?_CU_PRINT_RUN_RESULTS?TESTRUN
            CODE    85DFH     00A9H     UNIT         ?PR?_CU_TRANSLATED_STRLEN?UTIL
            CODE    8688H     00A8H     UNIT         ?PR?_CU_TRIM_RIGHT?UTIL
            CODE    8730H     00A7H     UNIT         ?PR?_BASIC_SUITE_INIT_FAILURE_MESSAGE_HANDLER?BASIC
            CODE    87D7H     00A7H     UNIT         ?PR?_BASIC_SUITE_CLEANUP_FAILURE_MESSAGE_HANDLER?BASIC
            CODE    887EH     009AH     UNIT         ?PR?_CU_GET_TEST?TESTDB
            CODE    8918H     008EH     UNIT         ?PR?_CU_DESTROY_EXISTING_REGISTRY?TESTDB
            CODE    89A6H     008CH     UNIT         ?C_C51STARTUP
            CODE    8A32H     0089H     UNIT         ?PR?TESTASSERTPTRNULL?EXAMPLETESTS
            CODE    8ABBH     0088H     UNIT         ?PR?TESTASSERTPTRNOTNULL?EXAMPLETESTS
            CODE    8B43H     0087H     UNIT         ?PR?_STRNCMP?STRNCMP
            CODE    8BCAH     0083H     UNIT         ?PR?ADDTESTS?EXAMPLETESTS
            CODE    8C4DH     0082H     UNIT         ?PR?_CU_GET_SUITE?TESTDB
            CODE    8CCFH     007DH     UNIT         ?PR?_CLEANUP_TEST?TESTDB
            CODE    8D4CH     0077H     UNIT         ?PR?TESTABORT?EXAMPLETESTS
            CODE    8DC3H     0073H     UNIT         ?PR?CU_CREATE_NEW_REGISTRY?TESTDB
            CODE    8E36H     0071H     UNIT         ?PR?_CU_GET_TEST_AT_POS?TESTDB
            CODE    8EA7H     006EH     UNIT         ?PR?CU_INITIALIZE_REGISTRY?TESTDB
            CODE    8F15H     006DH     UNIT         ?PR?BASIC_INITIALIZE?BASIC
            CODE    8F82H     006DH     UNIT         ?PR?_CU_SET_REGISTRY?TESTDB
            CODE    8FEFH     0068H     UNIT         ?PR?_BASIC_RUN_ALL_TESTS?BASIC
            CODE    9057H     0062H     UNIT         ?PR?_CU_SET_TEST_FUNC?TESTDB
            CODE    90B9H     005FH     UNIT         ?PR?COM_ISR?BASICTEST
            CODE    9118H     005FH     UNIT         ?PR?SETJMP?SETJMP
            CODE    9177H     005BH     UNIT         ?PR?TESTASSERTPTREQUAL?EXAMPLETESTS
            CODE    91D2H     005BH     UNIT         ?PR?TESTASSERTPTRNOTEQUAL?EXAMPLETESTS
            CODE    922DH     005BH     UNIT         ?PR?PRINT_EXAMPLE_RESULTS?EXAMPLETESTS
            CODE    9288H     005AH     UNIT         ?PR?TESTFAIL?EXAMPLETESTS
            CODE    92E2H     0059H     UNIT         ?PR?_CU_BASIC_RUN_TEST?BASIC
            CODE    933BH     0056H     UNIT         ?PR?CU_BASIC_RUN_TESTS?BASIC
            CODE    9391H     0056H     UNIT         ?PR?_CU_SET_SUITE_INITFUNC?TESTDB
            CODE    93E7H     0056H     UNIT         ?PR?_CU_SET_SUITE_CLEANUPFUNC?TESTDB
            CODE    943DH     0052H     UNIT         ?PR?MAIN?BASICTEST
            CODE    948FH     0051H     UNIT         ?PR?_GET_ERROR_DESC?CUERROR
            CODE    94E0H     0051H     UNIT         ?CO?BASICTEST
            CODE    9531H     004EH     UNIT         ?PR?_CU_SET_ERROR?CUERROR
            CODE    957FH     004EH     UNIT         ?PR?_CU_GET_SUITE_AT_POS?TESTDB
            CODE    95CDH     004EH     UNIT         ?PR?_GET_INDEX?UTIL
BL51 BANKED LINKER/LOCATER V6.22                                                      08/05/2016  10:34:40  PAGE 6


            CODE    961BH     004AH     UNIT         ?PR?_CU_ADD_SUITE?TESTDB
            CODE    9665H     004AH     UNIT         ?PR?TESTFATAL?EXAMPLETESTS
            CODE    96AFH     0046H     UNIT         ?PR?_CU_SET_SUITE_ACTIVE?TESTDB
            CODE    96F5H     0046H     UNIT         ?PR?_CU_SET_TEST_ACTIVE?TESTDB
            CODE    973BH     003CH     UNIT         ?PR?_INIT_MEMPOOL?INIT_MEM
            CODE    9777H     0039H     UNIT         ?PR?CU_GET_ELAPSED_TIME?TESTRUN
            CODE    97B0H     0038H     UNIT         ?PR?_BASIC_RUN_SINGLE_TEST?BASIC
            CODE    97E8H     0038H     UNIT         ?PR?CU_CLEANUP_REGISTRY?TESTDB
            CODE    9820H     0035H     UNIT         ?PR?_CU_NUMBER_WIDTH?UTIL
            CODE    9855H     0032H     UNIT         ?PR?_CU_BASIC_RUN_SUITE?BASIC
            CODE    9887H     002FH     UNIT         ?PR?_PUTBUF?BASICTEST
            CODE    98B6H     002EH     UNIT         ?PR?TESTSUCCESS1?EXAMPLETESTS
            CODE    98E4H     002EH     UNIT         ?PR?TESTSUCCESS2?EXAMPLETESTS
            CODE    9912H     002EH     UNIT         ?PR?TESTSUCCESS3?EXAMPLETESTS
            CODE    9940H     002EH     UNIT         ?PR?TESTSUITEFAILURE2?EXAMPLETESTS
            CODE    996EH     002DH     UNIT         ?PR?TESTSUITEFAILURE1?EXAMPLETESTS
            CODE    999BH     002DH     UNIT         ?PR?TESTFAILURE1?EXAMPLETESTS
            CODE    99C8H     002DH     UNIT         ?PR?TESTFAILURE2?EXAMPLETESTS
            CODE    99F5H     002DH     UNIT         ?PR?TESTFAILURE3?EXAMPLETESTS
            CODE    9A22H     0027H     UNIT         ?PR?_CU_TRIM?UTIL
            CODE    9A49H     0026H     UNIT         ?PR?_BASIC_ALL_TESTS_COMPLETE_MESSAGE_HANDLER?BASIC
            CODE    9A6FH     0026H     UNIT         ?PR?COM_INITIALIZE?BASICTEST
            CODE    9A95H     0023H     UNIT         ?PR?_BASIC_RUN_SUITE?BASIC
            CODE    9AB8H     001AH     UNIT         ?PR?TESTABORTINDIRECT?EXAMPLETESTS
            CODE    9AD2H     0019H     UNIT         ?PR?_PUTCHAR?BASICTEST
            CODE    9AEBH     0017H     UNIT         ?PR?CU_REGISTRY_INITIALIZED?TESTDB
            CODE    9B02H     0017H     UNIT         ?PR?CU_CLEAR_PREVIOUS_RESULTS?TESTRUN
            CODE    9B19H     0016H     UNIT         ?PR?CU_GET_NUMBER_OF_SUCCESSES?TESTRUN
            CODE    9B2FH     0015H     UNIT         ?PR?_STRLEN?STRLEN
            CODE    9B44H     0014H     UNIT         ?PR?_ISSPACE?ISSPACE
            CODE    9B58H     0013H     UNIT         ?PR?_CU_REGISTER_SUITES?TESTDB
            CODE    9B6BH     0011H     UNIT         ?PR?_TOUPPER?TOUPPER
            CODE    9B7CH     000DH     UNIT         ?PR?_FABS?FABS
            CODE    9B89H     000CH     UNIT         ?PR?CU_GET_REGISTRY?TESTDB
            CODE    9B95H     000CH     UNIT         ?PR?_CU_SET_SUITE_START_HANDLER?TESTRUN
            CODE    9BA1H     000CH     UNIT         ?PR?_CU_SET_TEST_START_HANDLER?TESTRUN
            CODE    9BADH     000CH     UNIT         ?PR?_CU_SET_TEST_COMPLETE_HANDLER?TESTRUN
            CODE    9BB9H     000CH     UNIT         ?PR?_CU_SET_SUITE_COMPLETE_HANDLER?TESTRUN
            CODE    9BC5H     000CH     UNIT         ?PR?_CU_SET_ALL_TEST_COMPLETE_HANDLER?TESTRUN
            CODE    9BD1H     000CH     UNIT         ?PR?_CU_SET_SUITE_INIT_FAILURE_HANDLER?TESTRUN
            CODE    9BDDH     000CH     UNIT         ?PR?_CU_SET_SUITE_CLEANUP_FAILURE_HANDLER?TESTRUN
            CODE    9BE9H     000CH     UNIT         ?PR?CU_GET_SUITE_START_HANDLER?TESTRUN
            CODE    9BF5H     000CH     UNIT         ?PR?CU_GET_TEST_START_HANDLER?TESTRUN
            CODE    9C01H     000CH     UNIT         ?PR?CU_GET_TEST_COMPLETE_HANDLER?TESTRUN
            CODE    9C0DH     000CH     UNIT         ?PR?CU_GET_SUITE_COMPLETE_HANDLER?TESTRUN
            CODE    9C19H     000CH     UNIT         ?PR?CU_GET_ALL_TEST_COMPLETE_HANDLER?TESTRUN
            CODE    9C25H     000CH     UNIT         ?PR?CU_GET_SUITE_INIT_FAILURE_HANDLER?TESTRUN
            CODE    9C31H     000CH     UNIT         ?PR?CU_GET_SUITE_CLEANUP_FAILURE_HANDLER?TESTRUN
            CODE    9C3DH     000CH     UNIT         ?PR?CU_GET_FAILURE_LIST?TESTRUN
            CODE    9C49H     000CH     UNIT         ?PR?CU_GET_CURRENT_SUITE?TESTRUN
            CODE    9C55H     000CH     UNIT         ?PR?CU_GET_CURRENT_TEST?TESTRUN
            CODE    9C61H     0009H     UNIT         ?PR?CU_GET_ERROR_MSG?CUERROR
            CODE    9C6AH     0009H     UNIT         ?PR?CU_GET_NUMBER_OF_SUITES_RUN?TESTRUN
            CODE    9C73H     0009H     UNIT         ?PR?CU_GET_NUMBER_OF_SUITES_FAILED?TESTRUN
            CODE    9C7CH     0009H     UNIT         ?PR?CU_GET_NUMBER_OF_SUITES_INACTIVE?TESTRUN
            CODE    9C85H     0009H     UNIT         ?PR?CU_GET_NUMBER_OF_TESTS_RUN?TESTRUN
            CODE    9C8EH     0009H     UNIT         ?PR?CU_GET_NUMBER_OF_TESTS_FAILED?TESTRUN
BL51 BANKED LINKER/LOCATER V6.22                                                      08/05/2016  10:34:40  PAGE 7


            CODE    9C97H     0009H     UNIT         ?PR?CU_GET_NUMBER_OF_TESTS_INACTIVE?TESTRUN
            CODE    9CA0H     0009H     UNIT         ?PR?CU_GET_NUMBER_OF_ASSERTS?TESTRUN
            CODE    9CA9H     0009H     UNIT         ?PR?CU_GET_NUMBER_OF_FAILURES?TESTRUN
            CODE    9CB2H     0009H     UNIT         ?PR?CU_GET_NUMBER_OF_FAILURE_RECORDS?TESTRUN
            CODE    9CBBH     0009H     UNIT         ?PR?CU_IS_TEST_RUNNING?TESTRUN
            CODE    9CC4H     0009H     UNIT         ?PR?_CU_SET_FAIL_ON_INACTIVE?TESTRUN
            CODE    9CCDH     0009H     UNIT         ?PR?CU_GET_FAIL_ON_INACTIVE?TESTRUN
            CODE    9CD6H     0007H     UNIT         ?PR?CU_GET_RUN_SUMMARY?TESTRUN
            CODE    9CDDH     0006H     UNIT         ?PR?_CU_BASIC_SET_MODE?BASIC
            CODE    9CE3H     0006H     UNIT         ?PR?CU_BASIC_GET_MODE?BASIC
            CODE    9CE9H     0006H     UNIT         ?PR?CU_GET_ERROR?CUERROR
            CODE    9CEFH     0006H     UNIT         ?PR?_CU_SET_ERROR_ACTION?CUERROR
            CODE    9CF5H     0006H     UNIT         ?PR?CU_GET_ERROR_ACTION?CUERROR
            CODE    9CFBH     0005H     UNIT         ?PR?SUITE_FAILURE_INIT?EXAMPLETESTS
            CODE    9D00H     0005H     UNIT         ?PR?SUITE_FAILURE_CLEAN?EXAMPLETESTS
            CODE    9D05H     0004H     UNIT         ?PR?SUITE_SUCCESS_INIT?EXAMPLETESTS
            CODE    9D09H     0004H     UNIT         ?PR?SUITE_SUCCESS_CLEAN?EXAMPLETESTS



SYMBOL TABLE OF MODULE:  .\Objects\example (?C_STARTUP)

  VALUE           TYPE          NAME
  ----------------------------------

  -------         MODULE        ?C_STARTUP
  C:89A6H         SEGMENT       ?C_C51STARTUP
  I:0032H         SEGMENT       ?STACK
  C:0000H         PUBLIC        ?C_STARTUP
  D:00E0H         SYMBOL        ACC
  D:00F0H         SYMBOL        B
  D:0083H         SYMBOL        DPH
  D:0082H         SYMBOL        DPL
  N:0000H         SYMBOL        IBPSTACK
  N:0100H         SYMBOL        IBPSTACKTOP
  N:0080H         SYMBOL        IDATALEN
  C:89A9H         SYMBOL        IDATALOOP
  N:0000H         SYMBOL        PBPSTACK
  N:0100H         SYMBOL        PBPSTACKTOP
  N:0000H         SYMBOL        PDATALEN
  N:0000H         SYMBOL        PDATASTART
  N:0000H         SYMBOL        PPAGE
  N:0000H         SYMBOL        PPAGEENABLE
  D:00A0H         SYMBOL        PPAGE_SFR
  D:0081H         SYMBOL        SP
  C:89A6H         SYMBOL        STARTUP1
  N:0000H         SYMBOL        XBPSTACK
  N:0000H         SYMBOL        XBPSTACKTOP
  N:0000H         SYMBOL        XDATALEN
  N:0000H         SYMBOL        XDATASTART
  C:0000H         LINE#         126
  C:89A6H         LINE#         133
  C:89A8H         LINE#         134
  C:89A9H         LINE#         135
  C:89AAH         LINE#         136
  C:89ACH         LINE#         185
  C:89AFH         LINE#         196
BL51 BANKED LINKER/LOCATER V6.22                                                      08/05/2016  10:34:40  PAGE 8


  -------         ENDMOD        ?C_STARTUP

  -------         MODULE        BASIC
  C:0000H         SYMBOL        _ICE_DUMMY_
  C:9A49H         SYMBOL        _basic_all_tests_complete_message_handler
  C:8730H         SYMBOL        _basic_suite_init_failure_message_handler
  C:8F15H         SYMBOL        basic_initialize
  X:2DF6H         SYMBOL        f_run_mode
  C:9CE3H         PUBLIC        CU_basic_get_mode
  X:2DF7H         SYMBOL        f_pRunningSuite
  C:9CDDH         PUBLIC        _CU_basic_set_mode
  C:87D7H         SYMBOL        _basic_suite_cleanup_failure_message_handler
  C:9855H         PUBLIC        _CU_basic_run_suite
  C:97B0H         SYMBOL        _basic_run_single_test
  C:5CFEH         SYMBOL        _basic_test_start_message_handler
  C:9A95H         SYMBOL        _basic_run_suite
  C:933BH         PUBLIC        CU_basic_run_tests
  C:92E2H         PUBLIC        _CU_basic_run_test
  C:763CH         PUBLIC        _CU_basic_show_failures
  C:8FEFH         SYMBOL        _basic_run_all_tests
  C:4DE3H         SYMBOL        _basic_test_complete_message_handler
  -------         PROC          CU_BASIC_RUN_TESTS
  -------         DO            
  X:2E2CH         SYMBOL        error
  -------         ENDDO         
  C:933BH         LINE#         77
  C:933BH         LINE#         78
  C:933BH         LINE#         81
  C:9343H         LINE#         82
  C:934BH         LINE#         83
  C:936EH         LINE#         84
  C:9374H         LINE#         85
  C:9376H         LINE#         86
  C:9380H         LINE#         87
  C:938BH         LINE#         89
  C:9390H         LINE#         90
  -------         ENDPROC       CU_BASIC_RUN_TESTS
  -------         PROC          _CU_BASIC_RUN_SUITE
  X:2E0EH         SYMBOL        pSuite
  -------         DO            
  D:0007H         SYMBOL        error
  -------         ENDDO         
  C:9855H         LINE#         93
  C:9860H         LINE#         94
  C:9860H         LINE#         97
  C:986EH         LINE#         98
  C:9872H         LINE#         99
  C:9878H         LINE#         100
  C:9886H         LINE#         102
  C:9886H         LINE#         103
  -------         ENDPROC       _CU_BASIC_RUN_SUITE
  -------         PROC          _CU_BASIC_RUN_TEST
  X:2DB6H         SYMBOL        pSuite
  X:2DB9H         SYMBOL        pTest
  -------         DO            
  D:0007H         SYMBOL        error
  -------         ENDDO         
BL51 BANKED LINKER/LOCATER V6.22                                                      08/05/2016  10:34:40  PAGE 9


  C:92E2H         LINE#         106
  C:92EDH         LINE#         107
  C:92EDH         LINE#         110
  C:92FBH         LINE#         111
  C:92FFH         LINE#         112
  C:930DH         LINE#         113
  C:9311H         LINE#         114
  C:9317H         LINE#         115
  C:933AH         LINE#         117
  C:933AH         LINE#         118
  -------         ENDPROC       _CU_BASIC_RUN_TEST
  -------         PROC          _CU_BASIC_SET_MODE
  D:0007H         SYMBOL        mode
  C:9CDDH         LINE#         121
  C:9CDDH         LINE#         122
  C:9CDDH         LINE#         123
  C:9CE2H         LINE#         124
  -------         ENDPROC       _CU_BASIC_SET_MODE
  -------         PROC          CU_BASIC_GET_MODE
  C:9CE3H         LINE#         127
  C:9CE3H         LINE#         128
  C:9CE3H         LINE#         129
  C:9CE8H         LINE#         130
  -------         ENDPROC       CU_BASIC_GET_MODE
  -------         PROC          _CU_BASIC_SHOW_FAILURES
  X:2DECH         SYMBOL        pFailure
  -------         DO            
  X:2DEFH         SYMBOL        i
  -------         ENDDO         
  C:763CH         LINE#         133
  C:7647H         LINE#         134
  C:7647H         LINE#         137
  C:765EH         LINE#         141
  C:7704H         LINE#         142
  C:7731H         LINE#         143
  -------         ENDPROC       _CU_BASIC_SHOW_FAILURES
  -------         PROC          BASIC_INITIALIZE
  C:8F15H         LINE#         153
  C:8F15H         LINE#         154
  C:8F15H         LINE#         156
  C:8F15H         LINE#         157
  C:8F15H         LINE#         159
  C:8F1AH         LINE#         161
  C:8F22H         LINE#         162
  C:8F51H         LINE#         167
  C:8F5AH         LINE#         168
  C:8F63H         LINE#         169
  C:8F6CH         LINE#         170
  C:8F75H         LINE#         171
  C:8F7EH         LINE#         173
  C:8F81H         LINE#         174
  -------         ENDPROC       BASIC_INITIALIZE
  -------         PROC          _BASIC_RUN_ALL_TESTS
  X:2D70H         SYMBOL        pRegistry
  -------         DO            
  X:2D73H         SYMBOL        pOldRegistry
  X:2D76H         SYMBOL        result
BL51 BANKED LINKER/LOCATER V6.22                                                      08/05/2016  10:34:40  PAGE 10


  -------         ENDDO         
  C:8FEFH         LINE#         186
  C:8FFAH         LINE#         187
  C:8FFAH         LINE#         188
  C:9001H         LINE#         191
  C:900CH         LINE#         193
  C:901AH         LINE#         194
  C:902FH         LINE#         195
  C:9037H         LINE#         196
  C:9045H         LINE#         197
  C:9051H         LINE#         198
  C:9056H         LINE#         199
  -------         ENDPROC       _BASIC_RUN_ALL_TESTS
  -------         PROC          _BASIC_RUN_SUITE
  X:2E11H         SYMBOL        pSuite
  C:9A95H         LINE#         207
  C:9AA0H         LINE#         208
  C:9AA0H         LINE#         209
  C:9AA9H         LINE#         210
  C:9AB7H         LINE#         211
  -------         ENDPROC       _BASIC_RUN_SUITE
  -------         PROC          _BASIC_RUN_SINGLE_TEST
  X:2DBCH         SYMBOL        pSuite
  X:2DBFH         SYMBOL        pTest
  C:97B0H         LINE#         221
  C:97BBH         LINE#         222
  C:97BBH         LINE#         223
  C:97C4H         LINE#         224
  C:97E7H         LINE#         225
  -------         ENDPROC       _BASIC_RUN_SINGLE_TEST
  -------         PROC          _BASIC_TEST_START_MESSAGE_HANDLER
  X:2DC2H         SYMBOL        pTest
  X:2DC5H         SYMBOL        pSuite
  C:5CFEH         LINE#         232
  C:5D09H         LINE#         233
  C:5D09H         LINE#         234
  C:5D35H         LINE#         235
  C:5D63H         LINE#         237
  C:5D6EH         LINE#         238
  C:5DA1H         LINE#         239
  C:5DE1H         LINE#         240
  C:5E14H         LINE#         241
  C:5E50H         LINE#         242
  C:5E8CH         LINE#         243
  C:5EA1H         LINE#         244
  C:5EA2H         LINE#         245
  C:5EA2H         LINE#         246
  C:5EDEH         LINE#         247
  C:5EDEH         LINE#         248
  C:5EDEH         LINE#         249
  -------         ENDPROC       _BASIC_TEST_START_MESSAGE_HANDLER
  -------         PROC          _BASIC_TEST_COMPLETE_MESSAGE_HANDLER
  X:2C7BH         SYMBOL        pTest
  X:2C7EH         SYMBOL        pSuite
  X:2C81H         SYMBOL        pFailureList
  -------         DO            
  X:2C84H         SYMBOL        pFailure
BL51 BANKED LINKER/LOCATER V6.22                                                      08/05/2016  10:34:40  PAGE 11


  X:2C87H         SYMBOL        i
  -------         ENDDO         
  C:4DE3H         LINE#         257
  C:4DEEH         LINE#         260
  C:4DEEH         LINE#         261
  C:4E01H         LINE#         264
  C:4E30H         LINE#         265
  C:4E5FH         LINE#         267
  C:4E6DH         LINE#         268
  C:4E78H         LINE#         269
  C:4E8FH         LINE#         270
  C:4E8FH         LINE#         271
  C:4E8FH         LINE#         272
  C:4E8FH         LINE#         273
  C:4E9CH         LINE#         274
  C:4E9CH         LINE#         275
  C:4EA9H         LINE#         276
  C:4EACH         LINE#         277
  C:4EACH         LINE#         278
  C:4EE0H         LINE#         279
  C:4F14H         LINE#         280
  C:4F5DH         LINE#         281
  C:4F5DH         LINE#         282
  C:4F5DH         LINE#         283
  C:4F5DH         LINE#         284
  C:4F5DH         LINE#         285
  C:4F68H         LINE#         286
  C:4F81H         LINE#         290
  C:5027H         LINE#         291
  C:5054H         LINE#         292
  C:5054H         LINE#         293
  C:5054H         LINE#         294
  -------         ENDPROC       _BASIC_TEST_COMPLETE_MESSAGE_HANDLER
  -------         PROC          _BASIC_ALL_TESTS_COMPLETE_MESSAGE_HANDLER
  X:2E14H         SYMBOL        pFailure
  C:9A49H         LINE#         300
  C:9A54H         LINE#         301
  C:9A54H         LINE#         302
  C:9A54H         LINE#         303
  C:9A5DH         LINE#         304
  C:9A66H         LINE#         305
  -------         ENDPROC       _BASIC_ALL_TESTS_COMPLETE_MESSAGE_HANDLER
  -------         PROC          _BASIC_SUITE_INIT_FAILURE_MESSAGE_HANDLER
  X:2E17H         SYMBOL        pSuite
  C:8730H         LINE#         312
  C:873BH         LINE#         313
  C:873BH         LINE#         314
  C:876AH         LINE#         315
  C:879EH         LINE#         317
  C:87A6H         LINE#         318
  C:87D6H         LINE#         319
  -------         ENDPROC       _BASIC_SUITE_INIT_FAILURE_MESSAGE_HANDLER
  -------         PROC          _BASIC_SUITE_CLEANUP_FAILURE_MESSAGE_HANDLER
  X:2E1AH         SYMBOL        pSuite
  C:87D7H         LINE#         325
  C:87E2H         LINE#         326
  C:87E2H         LINE#         327
BL51 BANKED LINKER/LOCATER V6.22                                                      08/05/2016  10:34:40  PAGE 12


  C:8811H         LINE#         328
  C:8845H         LINE#         330
  C:884DH         LINE#         331
  C:887DH         LINE#         332
  -------         ENDPROC       _BASIC_SUITE_CLEANUP_FAILURE_MESSAGE_HANDLER
  -------         ENDMOD        BASIC

  -------         MODULE        CUERROR
  C:0000H         SYMBOL        _ICE_DUMMY_
  C:9CF5H         PUBLIC        CU_get_error_action
  C:9CEFH         PUBLIC        _CU_set_error_action
  C:9CE9H         PUBLIC        CU_get_error
  C:948FH         SYMBOL        _get_error_desc
  C:9531H         PUBLIC        _CU_set_error
  X:2A99H         SYMBOL        g_error_action
  X:2A9AH         SYMBOL        g_error_number
  C:9C61H         PUBLIC        CU_get_error_msg
  -------         PROC          _CU_SET_ERROR
  X:2E2DH         SYMBOL        error
  C:9531H         LINE#         63
  C:9536H         LINE#         64
  C:9536H         LINE#         65
  C:953FH         LINE#         68
  C:9576H         LINE#         70
  C:9576H         LINE#         74
  C:9576H         LINE#         76
  C:957EH         LINE#         77
  -------         ENDPROC       _CU_SET_ERROR
  -------         PROC          CU_GET_ERROR
  C:9CE9H         LINE#         80
  C:9CE9H         LINE#         81
  C:9CE9H         LINE#         82
  C:9CEEH         LINE#         83
  -------         ENDPROC       CU_GET_ERROR
  -------         PROC          CU_GET_ERROR_MSG
  C:9C61H         LINE#         86
  C:9C61H         LINE#         87
  C:9C61H         LINE#         88
  C:9C69H         LINE#         89
  -------         ENDPROC       CU_GET_ERROR_MSG
  -------         PROC          _CU_SET_ERROR_ACTION
  D:0007H         SYMBOL        action
  C:9CEFH         LINE#         92
  C:9CEFH         LINE#         93
  C:9CEFH         LINE#         94
  C:9CF4H         LINE#         95
  -------         ENDPROC       _CU_SET_ERROR_ACTION
  -------         PROC          CU_GET_ERROR_ACTION
  C:9CF5H         LINE#         98
  C:9CF5H         LINE#         99
  C:9CF5H         LINE#         100
  C:9CFAH         LINE#         101
  -------         ENDPROC       CU_GET_ERROR_ACTION
  -------         PROC          _GET_ERROR_DESC
  X:2E2EH         SYMBOL        iError
  -------         DO            
  D:0004H         SYMBOL        iMaxIndex
BL51 BANKED LINKER/LOCATER V6.22                                                      08/05/2016  10:34:40  PAGE 13


  X:2A12H         SYMBOL        ErrorDescription
  -------         ENDDO         
  C:948FH         LINE#         115
  C:9494H         LINE#         116
  C:9494H         LINE#         167
  C:9498H         LINE#         168
  C:94A1H         LINE#         169
  C:94A6H         LINE#         170
  C:94A6H         LINE#         171
  C:94B3H         LINE#         172
  C:94C6H         LINE#         173
  C:94C6H         LINE#         174
  C:94C6H         LINE#         175
  C:94DFH         LINE#         176
  C:94DFH         LINE#         177
  -------         ENDPROC       _GET_ERROR_DESC
  -------         ENDMOD        CUERROR

  -------         MODULE        MYMEM
  C:0000H         SYMBOL        _ICE_DUMMY_
  -------         ENDMOD        MYMEM

  -------         MODULE        TESTDB
  C:0000H         SYMBOL        _ICE_DUMMY_
  C:8037H         PUBLIC        _CU_get_suite_by_index
  C:5B0AH         SYMBOL        _create_suite
  C:6CCAH         PUBLIC        _CU_get_suite_by_name
  C:8CCFH         SYMBOL        _cleanup_test
  C:743EH         PUBLIC        _CU_get_test_pos
  C:8EA7H         PUBLIC        CU_initialize_registry
  C:80F6H         PUBLIC        _CU_get_test_by_index
  C:9B89H         PUBLIC        CU_get_registry
  C:623DH         SYMBOL        _create_test
  C:9391H         PUBLIC        _CU_set_suite_initfunc
  C:6DE6H         PUBLIC        _CU_get_test_by_name
  C:8F82H         PUBLIC        _CU_set_registry
  C:5703H         SYMBOL        _insert_suite
  C:961BH         PUBLIC        _CU_add_suite
  C:791EH         SYMBOL        _suite_exists
  C:957FH         PUBLIC        _CU_get_suite_at_pos
  C:96AFH         PUBLIC        _CU_set_suite_active
  X:2E26H         SYMBOL        f_pTestRegistry
  C:8918H         PUBLIC        _CU_destroy_existing_registry
  C:5055H         SYMBOL        _insert_test
  C:7BEBH         PUBLIC        _CU_get_suite_pos_by_name
  C:67CFH         PUBLIC        _CU_add_suite_with_setup_and_teardown
  C:97E8H         PUBLIC        CU_cleanup_registry
  C:6523H         PUBLIC        _CU_add_test
  C:7A0EH         SYMBOL        _test_exists
  C:8E36H         PUBLIC        _CU_get_test_at_pos
  C:8C4DH         PUBLIC        _CU_get_suite
  C:96F5H         PUBLIC        _CU_set_test_active
  C:93E7H         PUBLIC        _CU_set_suite_cleanupfunc
  C:7338H         PUBLIC        _CU_get_test_pos_by_name
  C:5EDFH         PUBLIC        _CU_register_nsuites
  C:8321H         PUBLIC        _CU_set_suite_name
  C:887EH         PUBLIC        _CU_get_test
BL51 BANKED LINKER/LOCATER V6.22                                                      08/05/2016  10:34:40  PAGE 14


  C:9B58H         PUBLIC        _CU_register_suites
  C:83D2H         PUBLIC        _CU_set_test_name
  C:7540H         SYMBOL        _cleanup_test_registry
  C:9AEBH         PUBLIC        CU_registry_initialized
  C:9057H         PUBLIC        _CU_set_test_func
  C:6B9DH         SYMBOL        _cleanup_suite
  C:8DC3H         PUBLIC        CU_create_new_registry
  C:7AFEH         PUBLIC        _CU_get_suite_pos
  -------         PROC          CU_INITIALIZE_REGISTRY
  -------         DO            
  X:2E2FH         SYMBOL        result
  -------         ENDDO         
  C:8EA7H         LINE#         94
  C:8EA7H         LINE#         95
  C:8EA7H         LINE#         98
  C:8ECEH         LINE#         100
  C:8ED8H         LINE#         102
  C:8EE6H         LINE#         103
  C:8EE9H         LINE#         104
  C:8EE9H         LINE#         106
  C:8EF7H         LINE#         107
  C:8F05H         LINE#         108
  C:8F0FH         LINE#         109
  C:8F0FH         LINE#         111
  C:8F14H         LINE#         112
  -------         ENDPROC       CU_INITIALIZE_REGISTRY
  -------         PROC          CU_REGISTRY_INITIALIZED
  C:9AEBH         LINE#         115
  C:9AEBH         LINE#         116
  C:9AEBH         LINE#         117
  C:9B01H         LINE#         118
  -------         ENDPROC       CU_REGISTRY_INITIALIZED
  -------         PROC          CU_CLEANUP_REGISTRY
  C:97E8H         LINE#         121
  C:97E8H         LINE#         122
  C:97E8H         LINE#         123
  C:980FH         LINE#         125
  C:9814H         LINE#         126
  C:981DH         LINE#         127
  -------         ENDPROC       CU_CLEANUP_REGISTRY
  -------         PROC          CU_GET_REGISTRY
  C:9B89H         LINE#         132
  C:9B89H         LINE#         133
  C:9B89H         LINE#         134
  C:9B94H         LINE#         135
  -------         ENDPROC       CU_GET_REGISTRY
  -------         PROC          _CU_SET_REGISTRY
  X:2DC8H         SYMBOL        pRegistry
  -------         DO            
  X:2DCBH         SYMBOL        pOldRegistry
  -------         ENDDO         
  C:8F82H         LINE#         138
  C:8F8DH         LINE#         139
  C:8F8DH         LINE#         140
  C:8FA2H         LINE#         142
  C:8FC9H         LINE#         144
  C:8FCEH         LINE#         145
BL51 BANKED LINKER/LOCATER V6.22                                                      08/05/2016  10:34:40  PAGE 15


  C:8FE3H         LINE#         146
  C:8FEEH         LINE#         147
  -------         ENDPROC       _CU_SET_REGISTRY
  -------         PROC          _CU_ADD_SUITE_WITH_SETUP_AND_TEARDOWN
  X:2BE1H         SYMBOL        strName
  X:2BE4H         SYMBOL        pInit
  X:2BE7H         SYMBOL        pClean
  X:2BEAH         SYMBOL        pSetup
  X:2BEDH         SYMBOL        pTear
  -------         DO            
  X:2BF0H         SYMBOL        pRetValue
  X:2BF3H         SYMBOL        error
  -------         ENDDO         
  C:67CFH         LINE#         150
  C:67DAH         LINE#         151
  C:67DAH         LINE#         152
  C:67E3H         LINE#         153
  C:67E5H         LINE#         155
  C:680CH         LINE#         157
  C:681AH         LINE#         158
  C:6820H         LINE#         159
  C:6823H         LINE#         160
  C:6831H         LINE#         161
  C:6837H         LINE#         162
  C:683AH         LINE#         163
  C:683AH         LINE#         164
  C:68A7H         LINE#         165
  C:68B5H         LINE#         166
  C:68B8H         LINE#         167
  C:68BAH         LINE#         168
  C:68BAH         LINE#         169
  C:68E3H         LINE#         170
  C:68E9H         LINE#         171
  C:68E9H         LINE#         172
  C:690CH         LINE#         173
  C:690CH         LINE#         174
  C:690CH         LINE#         176
  C:6914H         LINE#         177
  C:691FH         LINE#         178
  -------         ENDPROC       _CU_ADD_SUITE_WITH_SETUP_AND_TEARDOWN
  -------         PROC          _CU_ADD_SUITE
  D:0001H         SYMBOL        strName
  X:2CE9H         SYMBOL        pInit
  X:2CECH         SYMBOL        pClean
  C:961BH         LINE#         181
  C:961BH         LINE#         182
  C:961BH         LINE#         183
  C:9664H         LINE#         184
  -------         ENDPROC       _CU_ADD_SUITE
  -------         PROC          _CU_SET_SUITE_ACTIVE
  X:2DFAH         SYMBOL        pSuite
  D:0004H         SYMBOL        fNewActive
  -------         DO            
  X:2DFDH         SYMBOL        result
  -------         ENDDO         
  C:96AFH         LINE#         187
  C:96BAH         LINE#         188
BL51 BANKED LINKER/LOCATER V6.22                                                      08/05/2016  10:34:40  PAGE 16


  C:96BAH         LINE#         189
  C:96BDH         LINE#         191
  C:96CBH         LINE#         192
  C:96CFH         LINE#         193
  C:96D1H         LINE#         194
  C:96D1H         LINE#         195
  C:96E7H         LINE#         196
  C:96E7H         LINE#         198
  C:96EFH         LINE#         199
  C:96F4H         LINE#         200
  -------         ENDPROC       _CU_SET_SUITE_ACTIVE
  -------         PROC          _CU_SET_SUITE_NAME
  X:2D77H         SYMBOL        pSuite
  X:2D7AH         SYMBOL        strNewName
  -------         DO            
  X:2D7DH         SYMBOL        result
  -------         ENDDO         
  C:8321H         LINE#         203
  C:832CH         LINE#         204
  C:832CH         LINE#         205
  C:8331H         LINE#         207
  C:833FH         LINE#         208
  C:8345H         LINE#         209
  C:8347H         LINE#         210
  C:8355H         LINE#         211
  C:8359H         LINE#         212
  C:835BH         LINE#         213
  C:835BH         LINE#         214
  C:8370H         LINE#         215
  C:83A2H         LINE#         216
  C:83C4H         LINE#         217
  C:83C4H         LINE#         219
  C:83CCH         LINE#         220
  C:83D1H         LINE#         221
  -------         ENDPROC       _CU_SET_SUITE_NAME
  -------         PROC          _CU_SET_SUITE_INITFUNC
  X:2D7EH         SYMBOL        pSuite
  X:2D81H         SYMBOL        pNewInit
  -------         DO            
  X:2D84H         SYMBOL        result
  -------         ENDDO         
  C:9391H         LINE#         224
  C:939CH         LINE#         225
  C:939CH         LINE#         226
  C:93A1H         LINE#         228
  C:93AFH         LINE#         229
  C:93B5H         LINE#         230
  C:93B7H         LINE#         231
  C:93B7H         LINE#         232
  C:93D9H         LINE#         233
  C:93D9H         LINE#         235
  C:93E1H         LINE#         236
  C:93E6H         LINE#         237
  -------         ENDPROC       _CU_SET_SUITE_INITFUNC
  -------         PROC          _CU_SET_SUITE_CLEANUPFUNC
  X:2D85H         SYMBOL        pSuite
  X:2D88H         SYMBOL        pNewClean
BL51 BANKED LINKER/LOCATER V6.22                                                      08/05/2016  10:34:40  PAGE 17


  -------         DO            
  X:2D8BH         SYMBOL        result
  -------         ENDDO         
  C:93E7H         LINE#         240
  C:93F2H         LINE#         241
  C:93F2H         LINE#         242
  C:93F7H         LINE#         244
  C:9405H         LINE#         245
  C:940BH         LINE#         246
  C:940DH         LINE#         247
  C:940DH         LINE#         248
  C:942FH         LINE#         249
  C:942FH         LINE#         251
  C:9437H         LINE#         252
  C:943CH         LINE#         253
  -------         ENDPROC       _CU_SET_SUITE_CLEANUPFUNC
  -------         PROC          _CU_GET_SUITE
  X:2D8CH         SYMBOL        strName
  -------         DO            
  X:2D8FH         SYMBOL        result
  X:2D92H         SYMBOL        error
  -------         ENDDO         
  C:8C4DH         LINE#         256
  C:8C58H         LINE#         257
  C:8C58H         LINE#         258
  C:8C5FH         LINE#         259
  C:8C61H         LINE#         261
  C:8C6FH         LINE#         262
  C:8C75H         LINE#         263
  C:8C77H         LINE#         264
  C:8C85H         LINE#         265
  C:8C8BH         LINE#         266
  C:8C8DH         LINE#         267
  C:8C8DH         LINE#         268
  C:8CBBH         LINE#         269
  C:8CBBH         LINE#         271
  C:8CC3H         LINE#         272
  C:8CCEH         LINE#         273
  -------         ENDPROC       _CU_GET_SUITE
  -------         PROC          _CU_GET_SUITE_AT_POS
  D:0006H         SYMBOL        pos
  -------         DO            
  X:2DFEH         SYMBOL        result
  X:2E01H         SYMBOL        error
  -------         ENDDO         
  C:957FH         LINE#         276
  C:957FH         LINE#         277
  C:957FH         LINE#         278
  C:9588H         LINE#         279
  C:958AH         LINE#         281
  C:9598H         LINE#         282
  C:959EH         LINE#         283
  C:95A0H         LINE#         284
  C:95A0H         LINE#         285
  C:95B9H         LINE#         286
  C:95B9H         LINE#         288
  C:95C1H         LINE#         289
BL51 BANKED LINKER/LOCATER V6.22                                                      08/05/2016  10:34:40  PAGE 18


  C:95CCH         LINE#         290
  -------         ENDPROC       _CU_GET_SUITE_AT_POS
  -------         PROC          _CU_GET_SUITE_POS
  X:2D40H         SYMBOL        pSuite
  -------         DO            
  X:2D43H         SYMBOL        result
  D:0007H         SYMBOL        error
  X:2D45H         SYMBOL        pCurrentSuite
  -------         ENDDO         
  C:7AFEH         LINE#         293
  C:7B09H         LINE#         294
  C:7B09H         LINE#         295
  C:7B0EH         LINE#         296
  C:7B0FH         LINE#         297
  C:7B18H         LINE#         299
  C:7B26H         LINE#         300
  C:7B28H         LINE#         301
  C:7B2BH         LINE#         302
  C:7B39H         LINE#         303
  C:7B3BH         LINE#         304
  C:7B3EH         LINE#         305
  C:7B3EH         LINE#         306
  C:7B5AH         LINE#         307
  C:7B62H         LINE#         308
  C:7B9FH         LINE#         309
  C:7BADH         LINE#         310
  C:7BC9H         LINE#         311
  C:7BCBH         LINE#         312
  C:7BD9H         LINE#         313
  C:7BDFH         LINE#         314
  C:7BDFH         LINE#         315
  C:7BDFH         LINE#         317
  C:7BE2H         LINE#         318
  C:7BEAH         LINE#         319
  -------         ENDPROC       _CU_GET_SUITE_POS
  -------         PROC          _CU_GET_SUITE_POS_BY_NAME
  X:2CEFH         SYMBOL        strName
  -------         DO            
  X:2CF2H         SYMBOL        result
  X:2CF4H         SYMBOL        error
  X:2CF5H         SYMBOL        pCurrentSuite
  -------         ENDDO         
  C:7BEBH         LINE#         322
  C:7BF6H         LINE#         323
  C:7BF6H         LINE#         324
  C:7BFBH         LINE#         325
  C:7BFDH         LINE#         326
  C:7C06H         LINE#         328
  C:7C14H         LINE#         329
  C:7C1AH         LINE#         330
  C:7C1DH         LINE#         331
  C:7C2BH         LINE#         332
  C:7C31H         LINE#         333
  C:7C34H         LINE#         334
  C:7C34H         LINE#         335
  C:7C50H         LINE#         336
  C:7C58H         LINE#         337
BL51 BANKED LINKER/LOCATER V6.22                                                      08/05/2016  10:34:40  PAGE 19


  C:7C87H         LINE#         338
  C:7C95H         LINE#         339
  C:7CB1H         LINE#         340
  C:7CB3H         LINE#         341
  C:7CC1H         LINE#         342
  C:7CC7H         LINE#         343
  C:7CC7H         LINE#         344
  C:7CC7H         LINE#         346
  C:7CCFH         LINE#         347
  C:7CD7H         LINE#         348
  -------         ENDPROC       _CU_GET_SUITE_POS_BY_NAME
  -------         PROC          _CU_ADD_TEST
  X:2C89H         SYMBOL        pSuite
  X:2C8CH         SYMBOL        strName
  X:2C8FH         SYMBOL        pTestFunc
  -------         DO            
  X:2C92H         SYMBOL        pRetValue
  X:2C95H         SYMBOL        error
  -------         ENDDO         
  C:6523H         LINE#         351
  C:652EH         LINE#         352
  C:652EH         LINE#         353
  C:6537H         LINE#         354
  C:6539H         LINE#         356
  C:6561H         LINE#         358
  C:656FH         LINE#         359
  C:6575H         LINE#         360
  C:6578H         LINE#         361
  C:6586H         LINE#         362
  C:658CH         LINE#         363
  C:658FH         LINE#         364
  C:659DH         LINE#         365
  C:65A3H         LINE#         366
  C:65A6H         LINE#         367
  C:65B4H         LINE#         368
  C:65BAH         LINE#         369
  C:65BDH         LINE#         370
  C:65BDH         LINE#         371
  C:65EBH         LINE#         372
  C:65F9H         LINE#         373
  C:65FCH         LINE#         374
  C:65FEH         LINE#         375
  C:65FEH         LINE#         376
  C:6613H         LINE#         377
  C:663CH         LINE#         378
  C:6642H         LINE#         379
  C:6642H         LINE#         380
  C:6665H         LINE#         381
  C:6665H         LINE#         382
  C:6665H         LINE#         384
  C:666DH         LINE#         385
  C:6678H         LINE#         386
  -------         ENDPROC       _CU_ADD_TEST
  -------         PROC          _CU_SET_TEST_ACTIVE
  X:2E02H         SYMBOL        pTest
  D:0004H         SYMBOL        fNewActive
  -------         DO            
BL51 BANKED LINKER/LOCATER V6.22                                                      08/05/2016  10:34:40  PAGE 20


  X:2E05H         SYMBOL        result
  -------         ENDDO         
  C:96F5H         LINE#         389
  C:9700H         LINE#         390
  C:9700H         LINE#         391
  C:9703H         LINE#         393
  C:9711H         LINE#         394
  C:9715H         LINE#         395
  C:9717H         LINE#         396
  C:9717H         LINE#         397
  C:972DH         LINE#         398
  C:972DH         LINE#         400
  C:9735H         LINE#         401
  C:973AH         LINE#         402
  -------         ENDPROC       _CU_SET_TEST_ACTIVE
  -------         PROC          _CU_SET_TEST_NAME
  X:2D93H         SYMBOL        pTest
  X:2D96H         SYMBOL        strNewName
  -------         DO            
  X:2D99H         SYMBOL        result
  -------         ENDDO         
  C:83D2H         LINE#         405
  C:83DDH         LINE#         406
  C:83DDH         LINE#         407
  C:83E2H         LINE#         409
  C:83F0H         LINE#         410
  C:83F6H         LINE#         411
  C:83F8H         LINE#         412
  C:8406H         LINE#         413
  C:840AH         LINE#         414
  C:840CH         LINE#         415
  C:840CH         LINE#         416
  C:8421H         LINE#         417
  C:8453H         LINE#         418
  C:8475H         LINE#         419
  C:8475H         LINE#         421
  C:847DH         LINE#         422
  C:8482H         LINE#         423
  -------         ENDPROC       _CU_SET_TEST_NAME
  -------         PROC          _CU_SET_TEST_FUNC
  X:2D9AH         SYMBOL        pTest
  X:2D9DH         SYMBOL        pNewFunc
  -------         DO            
  X:2DA0H         SYMBOL        result
  -------         ENDDO         
  C:9057H         LINE#         426
  C:9062H         LINE#         427
  C:9062H         LINE#         428
  C:9067H         LINE#         430
  C:9081H         LINE#         431
  C:9087H         LINE#         432
  C:9089H         LINE#         433
  C:9089H         LINE#         434
  C:90ABH         LINE#         435
  C:90ABH         LINE#         437
  C:90B3H         LINE#         438
  C:90B8H         LINE#         439
BL51 BANKED LINKER/LOCATER V6.22                                                      08/05/2016  10:34:40  PAGE 21


  -------         ENDPROC       _CU_SET_TEST_FUNC
  -------         PROC          _CU_GET_TEST
  X:2CDCH         SYMBOL        pSuite
  X:2CDFH         SYMBOL        strName
  -------         DO            
  X:2CE2H         SYMBOL        result
  X:2CE5H         SYMBOL        error
  -------         ENDDO         
  C:887EH         LINE#         442
  C:8889H         LINE#         443
  C:8889H         LINE#         444
  C:8892H         LINE#         445
  C:8894H         LINE#         447
  C:88A2H         LINE#         448
  C:88A8H         LINE#         449
  C:88AAH         LINE#         450
  C:88B8H         LINE#         451
  C:88BEH         LINE#         452
  C:88C0H         LINE#         453
  C:88CEH         LINE#         454
  C:88D4H         LINE#         455
  C:88D6H         LINE#         456
  C:88D6H         LINE#         457
  C:8904H         LINE#         458
  C:8904H         LINE#         460
  C:890CH         LINE#         461
  C:8917H         LINE#         462
  -------         ENDPROC       _CU_GET_TEST
  -------         PROC          _CU_GET_TEST_AT_POS
  X:2DA1H         SYMBOL        pSuite
  D:0004H         SYMBOL        pos
  -------         DO            
  X:2DA4H         SYMBOL        result
  X:2DA7H         SYMBOL        error
  -------         ENDDO         
  C:8E36H         LINE#         465
  C:8E41H         LINE#         466
  C:8E41H         LINE#         467
  C:8E48H         LINE#         468
  C:8E4AH         LINE#         470
  C:8E58H         LINE#         471
  C:8E5EH         LINE#         472
  C:8E60H         LINE#         473
  C:8E6EH         LINE#         474
  C:8E74H         LINE#         475
  C:8E76H         LINE#         476
  C:8E76H         LINE#         477
  C:8E93H         LINE#         478
  C:8E93H         LINE#         480
  C:8E9BH         LINE#         481
  C:8EA6H         LINE#         482
  -------         ENDPROC       _CU_GET_TEST_AT_POS
  -------         PROC          _CU_GET_TEST_POS
  X:2CC6H         SYMBOL        pSuite
  X:2CC9H         SYMBOL        pTest
  -------         DO            
  X:2CCCH         SYMBOL        result
BL51 BANKED LINKER/LOCATER V6.22                                                      08/05/2016  10:34:40  PAGE 22


  D:0007H         SYMBOL        error
  X:2CCEH         SYMBOL        pCurrentTest
  -------         ENDDO         
  C:743EH         LINE#         485
  C:7449H         LINE#         486
  C:7449H         LINE#         487
  C:7450H         LINE#         488
  C:7451H         LINE#         489
  C:745AH         LINE#         491
  C:7468H         LINE#         492
  C:746AH         LINE#         493
  C:746DH         LINE#         494
  C:747BH         LINE#         495
  C:747DH         LINE#         496
  C:7480H         LINE#         497
  C:748EH         LINE#         498
  C:7490H         LINE#         499
  C:7493H         LINE#         500
  C:7493H         LINE#         501
  C:74AFH         LINE#         502
  C:74B7H         LINE#         503
  C:74F4H         LINE#         504
  C:7502H         LINE#         505
  C:751EH         LINE#         506
  C:7520H         LINE#         507
  C:752EH         LINE#         508
  C:7534H         LINE#         509
  C:7534H         LINE#         510
  C:7534H         LINE#         512
  C:7537H         LINE#         513
  C:753FH         LINE#         514
  -------         ENDPROC       _CU_GET_TEST_POS
  -------         PROC          _CU_GET_TEST_POS_BY_NAME
  X:2C96H         SYMBOL        pSuite
  X:2C99H         SYMBOL        strName
  -------         DO            
  X:2C9CH         SYMBOL        result
  X:2C9EH         SYMBOL        error
  X:2C9FH         SYMBOL        pCurrentTest
  -------         ENDDO         
  C:7338H         LINE#         517
  C:7343H         LINE#         518
  C:7343H         LINE#         519
  C:734AH         LINE#         520
  C:734CH         LINE#         521
  C:7355H         LINE#         523
  C:7363H         LINE#         524
  C:7369H         LINE#         525
  C:736CH         LINE#         526
  C:737AH         LINE#         527
  C:7380H         LINE#         528
  C:7383H         LINE#         529
  C:7391H         LINE#         530
  C:7397H         LINE#         531
  C:739AH         LINE#         532
  C:739AH         LINE#         533
  C:73B6H         LINE#         534
BL51 BANKED LINKER/LOCATER V6.22                                                      08/05/2016  10:34:40  PAGE 23


  C:73BEH         LINE#         535
  C:73EDH         LINE#         536
  C:73FBH         LINE#         537
  C:7417H         LINE#         538
  C:7419H         LINE#         539
  C:7427H         LINE#         540
  C:742DH         LINE#         541
  C:742DH         LINE#         542
  C:742DH         LINE#         544
  C:7435H         LINE#         545
  C:743DH         LINE#         546
  -------         ENDPROC       _CU_GET_TEST_POS_BY_NAME
  -------         PROC          _CU_REGISTER_NSUITES
  X:2B0AH         SYMBOL        suite_count
  -------         DO            
  X:2B0CH         SYMBOL        ellipsis_40
  X:2B34H         SYMBOL        pSuiteItem
  X:2B37H         SYMBOL        pTestItem
  X:2B3AH         SYMBOL        pSuite
  X:2B3DH         SYMBOL        argptr
  X:2B40H         SYMBOL        i
  -------         ENDDO         
  C:5EDFH         LINE#         571
  C:5EE7H         LINE#         572
  C:5EE7H         LINE#         573
  C:5EF0H         LINE#         574
  C:5EF9H         LINE#         575
  C:5F00H         LINE#         580
  C:5F0DH         LINE#         582
  C:5F30H         LINE#         583
  C:5F4EH         LINE#         584
  C:5F5FH         LINE#         585
  C:5F75H         LINE#         586
  C:6014H         LINE#         587
  C:6043H         LINE#         588
  C:608BH         LINE#         589
  C:608DH         LINE#         590
  C:608DH         LINE#         591
  C:6099H         LINE#         592
  C:6099H         LINE#         593
  C:6099H         LINE#         594
  C:609BH         LINE#         595
  C:609BH         LINE#         596
  C:60A8H         LINE#         597
  C:60A8H         LINE#         598
  C:60B9H         LINE#         599
  C:60BCH         LINE#         600
  -------         ENDPROC       _CU_REGISTER_NSUITES
  -------         PROC          _CU_REGISTER_SUITES
  D:0001H         SYMBOL        suite_info
  C:9B58H         LINE#         603
  C:9B58H         LINE#         604
  C:9B58H         LINE#         605
  C:9B6AH         LINE#         606
  -------         ENDPROC       _CU_REGISTER_SUITES
  -------         PROC          _CLEANUP_TEST_REGISTRY
  X:2CF8H         SYMBOL        pRegistry
BL51 BANKED LINKER/LOCATER V6.22                                                      08/05/2016  10:34:40  PAGE 24


  -------         DO            
  X:2CFBH         SYMBOL        pCurSuite
  X:2CFEH         SYMBOL        pNextSuite
  -------         ENDDO         
  C:7540H         LINE#         627
  C:754BH         LINE#         628
  C:754BH         LINE#         629
  C:7552H         LINE#         630
  C:755BH         LINE#         632
  C:758AH         LINE#         634
  C:75A1H         LINE#         635
  C:75AFH         LINE#         636
  C:75C7H         LINE#         637
  C:75D5H         LINE#         639
  C:75E3H         LINE#         640
  C:75F8H         LINE#         641
  C:75FAH         LINE#         642
  C:7617H         LINE#         643
  C:7628H         LINE#         644
  -------         ENDPROC       _CLEANUP_TEST_REGISTRY
  -------         PROC          _CREATE_SUITE
  X:2C1AH         SYMBOL        strName
  X:2C1DH         SYMBOL        pInit
  X:2C20H         SYMBOL        pClean
  X:2C23H         SYMBOL        pSetup
  X:2C26H         SYMBOL        pTear
  -------         DO            
  X:2C29H         SYMBOL        pRetValue
  -------         ENDDO         
  C:5B0AH         LINE#         663
  C:5B15H         LINE#         664
  C:5B15H         LINE#         665
  C:5B2CH         LINE#         667
  C:5B5BH         LINE#         669
  C:5B6CH         LINE#         670
  C:5B9EH         LINE#         671
  C:5BB7H         LINE#         672
  C:5BD6H         LINE#         673
  C:5BEBH         LINE#         674
  C:5C0DH         LINE#         675
  C:5C2FH         LINE#         676
  C:5C51H         LINE#         677
  C:5C71H         LINE#         678
  C:5C8EH         LINE#         679
  C:5CABH         LINE#         680
  C:5CC8H         LINE#         681
  C:5CDCH         LINE#         682
  C:5CDEH         LINE#         683
  C:5CDEH         LINE#         684
  C:5CE9H         LINE#         685
  C:5CF2H         LINE#         686
  C:5CF2H         LINE#         687
  C:5CF2H         LINE#         689
  C:5CFDH         LINE#         690
  -------         ENDPROC       _CREATE_SUITE
  -------         PROC          _CLEANUP_SUITE
  X:2D01H         SYMBOL        pSuite
BL51 BANKED LINKER/LOCATER V6.22                                                      08/05/2016  10:34:40  PAGE 25


  -------         DO            
  X:2D04H         SYMBOL        pCurTest
  X:2D07H         SYMBOL        pNextTest
  -------         ENDDO         
  C:6B9DH         LINE#         703
  C:6BA8H         LINE#         704
  C:6BA8H         LINE#         705
  C:6BAFH         LINE#         706
  C:6BB8H         LINE#         708
  C:6BE7H         LINE#         710
  C:6BFEH         LINE#         711
  C:6C0CH         LINE#         712
  C:6C24H         LINE#         714
  C:6C32H         LINE#         716
  C:6C40H         LINE#         717
  C:6C55H         LINE#         718
  C:6C57H         LINE#         719
  C:6C6AH         LINE#         720
  C:6C7FH         LINE#         721
  C:6C7FH         LINE#         723
  C:6C99H         LINE#         724
  C:6CB6H         LINE#         725
  -------         ENDPROC       _CLEANUP_SUITE
  -------         PROC          _INSERT_SUITE
  X:2D0AH         SYMBOL        pRegistry
  X:2D0DH         SYMBOL        pSuite
  -------         DO            
  X:2D10H         SYMBOL        pCurSuite
  -------         ENDDO         
  C:5703H         LINE#         740
  C:570EH         LINE#         741
  C:570EH         LINE#         742
  C:5717H         LINE#         744
  C:5746H         LINE#         745
  C:5775H         LINE#         747
  C:5791H         LINE#         749
  C:57DFH         LINE#         751
  C:57FCH         LINE#         752
  C:580EH         LINE#         755
  C:581CH         LINE#         756
  C:583EH         LINE#         757
  C:5844H         LINE#         758
  C:5847H         LINE#         760
  C:5847H         LINE#         761
  C:585DH         LINE#         762
  C:5879H         LINE#         763
  C:58C7H         LINE#         764
  C:58C7H         LINE#         766
  C:58E7H         LINE#         767
  C:5909H         LINE#         768
  C:5909H         LINE#         769
  -------         ENDPROC       _INSERT_SUITE
  -------         PROC          _CREATE_TEST
  X:2D13H         SYMBOL        strName
  X:2D16H         SYMBOL        pTestFunc
  -------         DO            
  X:2D19H         SYMBOL        pRetValue
BL51 BANKED LINKER/LOCATER V6.22                                                      08/05/2016  10:34:40  PAGE 26


  -------         ENDDO         
  C:623DH         LINE#         785
  C:6248H         LINE#         786
  C:6248H         LINE#         787
  C:625FH         LINE#         789
  C:628EH         LINE#         791
  C:629FH         LINE#         792
  C:62D1H         LINE#         793
  C:62EAH         LINE#         794
  C:6309H         LINE#         795
  C:631EH         LINE#         796
  C:633EH         LINE#         797
  C:635BH         LINE#         798
  C:6378H         LINE#         799
  C:6395H         LINE#         800
  C:6397H         LINE#         801
  C:6397H         LINE#         802
  C:63A2H         LINE#         803
  C:63ABH         LINE#         804
  C:63ABH         LINE#         805
  C:63ABH         LINE#         807
  C:63B6H         LINE#         808
  -------         ENDPROC       _CREATE_TEST
  -------         PROC          _CLEANUP_TEST
  X:2E1DH         SYMBOL        pTest
  C:8CCFH         LINE#         820
  C:8CDAH         LINE#         821
  C:8CDAH         LINE#         822
  C:8D09H         LINE#         824
  C:8D1CH         LINE#         825
  C:8D31H         LINE#         826
  C:8D31H         LINE#         828
  C:8D4BH         LINE#         829
  -------         ENDPROC       _CLEANUP_TEST
  -------         PROC          _INSERT_TEST
  X:2D1CH         SYMBOL        pSuite
  X:2D1FH         SYMBOL        pTest
  -------         DO            
  X:2D22H         SYMBOL        pCurTest
  -------         ENDDO         
  C:5055H         LINE#         845
  C:5060H         LINE#         846
  C:5060H         LINE#         847
  C:5069H         LINE#         849
  C:5098H         LINE#         850
  C:50C7H         LINE#         851
  C:50FEH         LINE#         852
  C:5135H         LINE#         854
  C:5151H         LINE#         856
  C:519FH         LINE#         858
  C:51B4H         LINE#         860
  C:51C2H         LINE#         861
  C:51E4H         LINE#         862
  C:51EAH         LINE#         863
  C:51EDH         LINE#         864
  C:51EDH         LINE#         865
  C:5203H         LINE#         866
BL51 BANKED LINKER/LOCATER V6.22                                                      08/05/2016  10:34:40  PAGE 27


  C:521FH         LINE#         867
  C:526DH         LINE#         868
  C:526DH         LINE#         870
  C:528DH         LINE#         871
  C:52AFH         LINE#         872
  C:52AFH         LINE#         873
  -------         ENDPROC       _INSERT_TEST
  -------         PROC          _SUITE_EXISTS
  X:2D25H         SYMBOL        pRegistry
  X:2D28H         SYMBOL        szSuiteName
  -------         DO            
  X:2D2BH         SYMBOL        pSuite
  -------         ENDDO         
  C:791EH         LINE#         884
  C:7929H         LINE#         885
  C:7929H         LINE#         886
  C:7932H         LINE#         888
  C:7961H         LINE#         889
  C:7990H         LINE#         891
  C:79A0H         LINE#         892
  C:79AEH         LINE#         893
  C:79E8H         LINE#         894
  C:79ECH         LINE#         895
  C:79ECH         LINE#         896
  C:7A08H         LINE#         897
  C:7A0AH         LINE#         899
  C:7A0DH         LINE#         900
  -------         ENDPROC       _SUITE_EXISTS
  -------         PROC          _TEST_EXISTS
  X:2D2EH         SYMBOL        pSuite
  X:2D31H         SYMBOL        szTestName
  -------         DO            
  X:2D34H         SYMBOL        pTest
  -------         ENDDO         
  C:7A0EH         LINE#         911
  C:7A19H         LINE#         912
  C:7A19H         LINE#         913
  C:7A22H         LINE#         915
  C:7A51H         LINE#         916
  C:7A80H         LINE#         918
  C:7A90H         LINE#         919
  C:7A9EH         LINE#         920
  C:7AD8H         LINE#         921
  C:7ADCH         LINE#         922
  C:7ADCH         LINE#         923
  C:7AF8H         LINE#         924
  C:7AFAH         LINE#         926
  C:7AFDH         LINE#         927
  -------         ENDPROC       _TEST_EXISTS
  -------         PROC          CU_CREATE_NEW_REGISTRY
  -------         DO            
  X:2E20H         SYMBOL        pRegistry
  -------         ENDDO         
  C:8DC3H         LINE#         932
  C:8DC3H         LINE#         933
  C:8DC3H         LINE#         934
  C:8DDAH         LINE#         935
BL51 BANKED LINKER/LOCATER V6.22                                                      08/05/2016  10:34:40  PAGE 28


  C:8DE8H         LINE#         936
  C:8E05H         LINE#         937
  C:8E16H         LINE#         938
  C:8E2AH         LINE#         939
  C:8E2AH         LINE#         941
  C:8E35H         LINE#         942
  -------         ENDPROC       CU_CREATE_NEW_REGISTRY
  -------         PROC          _CU_DESTROY_EXISTING_REGISTRY
  X:2E23H         SYMBOL        ppRegistry
  C:8918H         LINE#         945
  C:8923H         LINE#         946
  C:8923H         LINE#         947
  C:8952H         LINE#         951
  C:8965H         LINE#         952
  C:8976H         LINE#         953
  C:8976H         LINE#         954
  C:898BH         LINE#         955
  C:89A5H         LINE#         956
  -------         ENDPROC       _CU_DESTROY_EXISTING_REGISTRY
  -------         PROC          _CU_GET_SUITE_BY_NAME
  X:2CA2H         SYMBOL        szSuiteName
  X:2CA5H         SYMBOL        pRegistry
  -------         DO            
  X:2CA8H         SYMBOL        pSuite
  X:2CABH         SYMBOL        pCur
  -------         ENDDO         
  C:6CCAH         LINE#         959
  C:6CD5H         LINE#         960
  C:6CD5H         LINE#         961
  C:6CDEH         LINE#         962
  C:6CE7H         LINE#         964
  C:6D16H         LINE#         965
  C:6D45H         LINE#         967
  C:6D55H         LINE#         968
  C:6D63H         LINE#         969
  C:6DA4H         LINE#         970
  C:6DB9H         LINE#         971
  C:6DBBH         LINE#         972
  C:6DBBH         LINE#         973
  C:6DD7H         LINE#         974
  C:6DDAH         LINE#         976
  C:6DE5H         LINE#         977
  -------         ENDPROC       _CU_GET_SUITE_BY_NAME
  -------         PROC          _CU_GET_SUITE_BY_INDEX
  X:2D48H         SYMBOL        index
  X:2D4AH         SYMBOL        pRegistry
  -------         DO            
  X:2D4DH         SYMBOL        result
  D:0006H         SYMBOL        i
  -------         ENDDO         
  C:8037H         LINE#         980
  C:8048H         LINE#         981
  C:8048H         LINE#         982
  C:804FH         LINE#         985
  C:807EH         LINE#         987
  C:80A5H         LINE#         988
  C:80B6H         LINE#         989
BL51 BANKED LINKER/LOCATER V6.22                                                      08/05/2016  10:34:40  PAGE 29


  C:80C7H         LINE#         990
  C:80E3H         LINE#         991
  C:80EAH         LINE#         992
  C:80EAH         LINE#         994
  C:80F5H         LINE#         995
  -------         ENDPROC       _CU_GET_SUITE_BY_INDEX
  -------         PROC          _CU_GET_TEST_BY_NAME
  X:2CAEH         SYMBOL        szTestName
  X:2CB1H         SYMBOL        pSuite
  -------         DO            
  X:2CB4H         SYMBOL        pTest
  X:2CB7H         SYMBOL        pCur
  -------         ENDDO         
  C:6DE6H         LINE#         998
  C:6DF1H         LINE#         999
  C:6DF1H         LINE#         1000
  C:6DFAH         LINE#         1001
  C:6E03H         LINE#         1003
  C:6E32H         LINE#         1004
  C:6E61H         LINE#         1006
  C:6E71H         LINE#         1007
  C:6E7FH         LINE#         1008
  C:6EC0H         LINE#         1009
  C:6ED5H         LINE#         1010
  C:6ED7H         LINE#         1011
  C:6ED7H         LINE#         1012
  C:6EF3H         LINE#         1013
  C:6EF6H         LINE#         1015
  C:6F01H         LINE#         1016
  -------         ENDPROC       _CU_GET_TEST_BY_NAME
  -------         PROC          _CU_GET_TEST_BY_INDEX
  X:2D50H         SYMBOL        index
  X:2D52H         SYMBOL        pSuite
  -------         DO            
  X:2D55H         SYMBOL        result
  D:0006H         SYMBOL        i
  -------         ENDDO         
  C:80F6H         LINE#         1019
  C:8107H         LINE#         1020
  C:8107H         LINE#         1021
  C:810EH         LINE#         1024
  C:813CH         LINE#         1026
  C:8164H         LINE#         1027
  C:8175H         LINE#         1028
  C:8186H         LINE#         1029
  C:81A2H         LINE#         1030
  C:81A9H         LINE#         1031
  C:81A9H         LINE#         1033
  C:81B4H         LINE#         1034
  -------         ENDPROC       _CU_GET_TEST_BY_INDEX
  -------         ENDMOD        TESTDB

  -------         MODULE        TESTRUN
  C:0000H         SYMBOL        _ICE_DUMMY_
  C:7122H         PUBLIC        CU_run_all_tests
  C:9CB2H         PUBLIC        CU_get_number_of_failure_records
  X:2A9BH         SYMBOL        f_pCurTest
BL51 BANKED LINKER/LOCATER V6.22                                                      08/05/2016  10:34:40  PAGE 30


  C:9BC5H         PUBLIC        _CU_set_all_test_complete_handler
  X:2A9EH         SYMBOL        f_start_time
  C:9777H         PUBLIC        CU_get_elapsed_time
  X:2AA0H         SYMBOL        f_run_summary
  X:2AE8H         SYMBOL        f_pSuiteCompleteMessageHandler
  C:9B19H         PUBLIC        CU_get_number_of_successes
  C:9C6AH         PUBLIC        CU_get_number_of_suites_run
  C:9C7CH         PUBLIC        CU_get_number_of_suites_inactive
[...]
  C:8D4CH         SYMBOL        testAbort
  C:9288H         SYMBOL        testFail
  C:999BH         SYMBOL        testFailure1
  C:99C8H         SYMBOL        testFailure2
  C:0EFBH         SYMBOL        _?ix1000
  C:8ABBH         SYMBOL        testAssertPtrNotNull
  C:99F5H         SYMBOL        testFailure3
  C:0F36H         SYMBOL        _?ix1010
  C:0F00H         SYMBOL        _?ix1001
  X:29DCH         SYMBOL        tests_bool
  C:0F3BH         SYMBOL        _?ix1011
  C:0F05H         SYMBOL        _?ix1002
  C:0F0BH         SYMBOL        _?ix1003
  C:0F10H         SYMBOL        _?ix1004
  C:3C53H         SYMBOL        testAssertDoubleNotEqual
  C:0F15H         SYMBOL        _?ix1005
  C:0F1BH         SYMBOL        _?ix1006
  C:0F20H         SYMBOL        _?ix1007
  C:0F29H         SYMBOL        _?ix1008
  C:0F31H         SYMBOL        _?ix1009
  C:996EH         SYMBOL        testSuiteFailure1
BL51 BANKED LINKER/LOCATER V6.22                                                      08/05/2016  10:34:40  PAGE 49


  C:9940H         SYMBOL        testSuiteFailure2
  C:98B6H         SYMBOL        testSuccess1
  C:98E4H         SYMBOL        testSuccess2
  X:29EEH         SYMBOL        tests_null
  C:9912H         SYMBOL        testSuccess3
  C:81B5H         SYMBOL        testAssertTrue
  C:9D00H         SYMBOL        suite_failure_clean
  C:7828H         SYMBOL        testAssertStringNotEqual
  C:6A5FH         SYMBOL        testAssertNotEqual
  C:9177H         SYMBOL        testAssertPtrEqual
  X:2A00H         SYMBOL        tests_ptr
  C:9D09H         SYMBOL        suite_success_clean
  C:9AB8H         SYMBOL        testAbortIndirect
  C:922DH         PUBLIC        print_example_results
  -------         PROC          SUITE_SUCCESS_INIT
  C:9D05H         LINE#         40
  -------         ENDPROC       SUITE_SUCCESS_INIT
  -------         PROC          SUITE_SUCCESS_CLEAN
  C:9D09H         LINE#         41
  -------         ENDPROC       SUITE_SUCCESS_CLEAN
  -------         PROC          SUITE_FAILURE_INIT
  C:9CFBH         LINE#         43
  -------         ENDPROC       SUITE_FAILURE_INIT
  -------         PROC          SUITE_FAILURE_CLEAN
  C:9D00H         LINE#         44
  -------         ENDPROC       SUITE_FAILURE_CLEAN
  -------         PROC          TESTSUCCESS1
  C:98B6H         LINE#         46
  -------         ENDPROC       TESTSUCCESS1
  -------         PROC          TESTSUCCESS2
  C:98E4H         LINE#         47
  -------         ENDPROC       TESTSUCCESS2
  -------         PROC          TESTSUCCESS3
  C:9912H         LINE#         48
  -------         ENDPROC       TESTSUCCESS3
  -------         PROC          TESTSUITEFAILURE1
  C:996EH         LINE#         50
  -------         ENDPROC       TESTSUITEFAILURE1
  -------         PROC          TESTSUITEFAILURE2
  C:9940H         LINE#         51
  -------         ENDPROC       TESTSUITEFAILURE2
  -------         PROC          TESTFAILURE1
  C:999BH         LINE#         53
  -------         ENDPROC       TESTFAILURE1
  -------         PROC          TESTFAILURE2
  C:99C8H         LINE#         54
  -------         ENDPROC       TESTFAILURE2
  -------         PROC          TESTFAILURE3
  C:99F5H         LINE#         55
  -------         ENDPROC       TESTFAILURE3
  -------         PROC          TESTSIMPLEASSERT
  C:6F02H         LINE#         58
  C:6F02H         LINE#         59
  C:6F02H         LINE#         60
  C:6F30H         LINE#         61
  C:6F5EH         LINE#         62
  C:6F8CH         LINE#         64
BL51 BANKED LINKER/LOCATER V6.22                                                      08/05/2016  10:34:40  PAGE 50


  C:6FB9H         LINE#         65
  C:6FE6H         LINE#         66
  -------         ENDPROC       TESTSIMPLEASSERT
  -------         PROC          TESTFAIL
  C:9288H         LINE#         69
  C:9288H         LINE#         70
  C:9288H         LINE#         71
  C:92B5H         LINE#         72
  -------         ENDPROC       TESTFAIL
  -------         PROC          TESTASSERTTRUE
  C:81B5H         LINE#         75
  C:81B5H         LINE#         76
  C:81B5H         LINE#         77
  C:81E3H         LINE#         78
  C:8211H         LINE#         80
  C:823EH         LINE#         81
  -------         ENDPROC       TESTASSERTTRUE
  -------         PROC          TESTASSERTFALSE
  C:826BH         LINE#         84
  C:826BH         LINE#         85
  C:826BH         LINE#         86
  C:8299H         LINE#         87
  C:82C7H         LINE#         89
  C:82F4H         LINE#         90
  -------         ENDPROC       TESTASSERTFALSE
  -------         PROC          TESTASSERTEQUAL
  C:63B7H         LINE#         93
  C:63B7H         LINE#         94
  C:63B7H         LINE#         95
  C:63E5H         LINE#         96
  C:6413H         LINE#         97
  C:6441H         LINE#         98
  C:646FH         LINE#         100
  C:649CH         LINE#         101
  C:64C9H         LINE#         102
  C:64F6H         LINE#         103
  -------         ENDPROC       TESTASSERTEQUAL
  -------         PROC          TESTASSERTNOTEQUAL
  C:6A5FH         LINE#         106
  C:6A5FH         LINE#         107
  C:6A5FH         LINE#         108
  C:6A8DH         LINE#         109
  C:6ABBH         LINE#         110
  C:6AE9H         LINE#         112
  C:6B16H         LINE#         113
  C:6B43H         LINE#         114
  C:6B70H         LINE#         115
  -------         ENDPROC       TESTASSERTNOTEQUAL
  -------         PROC          TESTASSERTPTREQUAL
  C:9177H         LINE#         118
  C:9177H         LINE#         119
  C:9177H         LINE#         120
  C:91A5H         LINE#         122
  -------         ENDPROC       TESTASSERTPTREQUAL
  -------         PROC          TESTASSERTPTRNOTEQUAL
  C:91D2H         LINE#         125
  C:91D2H         LINE#         126
BL51 BANKED LINKER/LOCATER V6.22                                                      08/05/2016  10:34:40  PAGE 51


  C:91D2H         LINE#         127
  C:9200H         LINE#         129
  -------         ENDPROC       TESTASSERTPTRNOTEQUAL
  -------         PROC          TESTASSERTPTRNULL
  C:8A32H         LINE#         132
  C:8A32H         LINE#         133
  C:8A32H         LINE#         134
  C:8A60H         LINE#         135
  C:8A8EH         LINE#         137
  -------         ENDPROC       TESTASSERTPTRNULL
  -------         PROC          TESTASSERTPTRNOTNULL
  C:8ABBH         LINE#         140
  C:8ABBH         LINE#         141
  C:8ABBH         LINE#         142
  C:8AE9H         LINE#         144
  C:8B16H         LINE#         145
  -------         ENDPROC       TESTASSERTPTRNOTNULL
  -------         PROC          TESTASSERTSTRINGEQUAL
  -------         DO            
  X:2C3DH         SYMBOL        str1
  X:2C42H         SYMBOL        str2
  X:2C47H         SYMBOL        str3
  -------         ENDDO         
  C:7230H         LINE#         148
  C:7230H         LINE#         149
  C:7230H         LINE#         150
  C:7243H         LINE#         151
  C:7256H         LINE#         152
  C:7269H         LINE#         154
  C:72AEH         LINE#         156
  C:72F3H         LINE#         157
  -------         ENDPROC       TESTASSERTSTRINGEQUAL
  -------         PROC          TESTASSERTSTRINGNOTEQUAL
  -------         DO            
  X:2C4DH         SYMBOL        str1
  X:2C52H         SYMBOL        str2
  X:2C57H         SYMBOL        str3
  -------         ENDDO         
  C:7828H         LINE#         160
  C:7828H         LINE#         161
  C:7828H         LINE#         162
  C:783BH         LINE#         163
  C:784EH         LINE#         164
  C:7861H         LINE#         166
  C:78A0H         LINE#         167
  C:78DFH         LINE#         169
  -------         ENDPROC       TESTASSERTSTRINGNOTEQUAL
  -------         PROC          TESTASSERTNSTRINGEQUAL
  -------         DO            
  X:2BCBH         SYMBOL        str1
  X:2BD0H         SYMBOL        str2
  X:2BD9H         SYMBOL        str3
  -------         ENDDO         
  C:54FBH         LINE#         172
  C:54FBH         LINE#         173
  C:54FBH         LINE#         174
  C:550EH         LINE#         175
BL51 BANKED LINKER/LOCATER V6.22                                                      08/05/2016  10:34:40  PAGE 52


  C:5521H         LINE#         176
  C:5534H         LINE#         178
  C:5592H         LINE#         179
  C:55EFH         LINE#         180
  C:5651H         LINE#         182
  C:56A5H         LINE#         183
  -------         ENDPROC       TESTASSERTNSTRINGEQUAL
  -------         PROC          TESTASSERTNSTRINGNOTEQUAL
  -------         DO            
  X:2C07H         SYMBOL        str1
  X:2C0CH         SYMBOL        str2
  X:2C11H         SYMBOL        str3
  -------         ENDDO         
  C:60BDH         LINE#         186
  C:60BDH         LINE#         187
  C:60BDH         LINE#         188
  C:60D0H         LINE#         189
  C:60E3H         LINE#         190
  C:60F6H         LINE#         192
  C:6144H         LINE#         193
  C:61A1H         LINE#         195
  C:61EFH         LINE#         196
  -------         ENDPROC       TESTASSERTNSTRINGNOTEQUAL
  -------         PROC          TESTASSERTDOUBLEEQUAL
  C:3913H         LINE#         199
  C:3913H         LINE#         200
  C:3913H         LINE#         201
  C:397BH         LINE#         202
  C:39E3H         LINE#         203
  C:3A4BH         LINE#         204
  C:3AB3H         LINE#         206
  C:3B1BH         LINE#         207
  C:3B83H         LINE#         208
  C:3BEBH         LINE#         209
  -------         ENDPROC       TESTASSERTDOUBLEEQUAL
  -------         PROC          TESTASSERTDOUBLENOTEQUAL
  C:3C53H         LINE#         212
  C:3C53H         LINE#         213
  C:3C53H         LINE#         214
  C:3CBBH         LINE#         215
  C:3D23H         LINE#         216
  C:3D8BH         LINE#         217
  C:3DF3H         LINE#         219
  C:3E5BH         LINE#         220
  C:3EC3H         LINE#         221
  C:3F2BH         LINE#         222
  -------         ENDPROC       TESTASSERTDOUBLENOTEQUAL
  -------         PROC          TESTABORT
  C:8D4CH         LINE#         225
  C:8D4CH         LINE#         226
  C:8D4CH         LINE#         227
  C:8D7CH         LINE#         228
  C:8DACH         LINE#         229
  -------         ENDPROC       TESTABORT
  -------         PROC          TESTABORTINDIRECT
  C:9AB8H         LINE#         233
  C:9AB8H         LINE#         234
BL51 BANKED LINKER/LOCATER V6.22                                                      08/05/2016  10:34:40  PAGE 53


  C:9AB8H         LINE#         235
  C:9ABBH         LINE#         236
  -------         ENDPROC       TESTABORTINDIRECT
  -------         PROC          TESTFATAL
  C:9665H         LINE#         240
  C:9665H         LINE#         241
  C:9665H         LINE#         242
  C:9695H         LINE#         243
  C:9698H         LINE#         244
  -------         ENDPROC       TESTFATAL
  -------         PROC          ADDTESTS
  C:8BCAH         LINE#         341
  C:8BCAH         LINE#         342
  C:8BCAH         LINE#         343
  C:8BF3H         LINE#         344
  C:8C1BH         LINE#         347
  C:8C27H         LINE#         348
  C:8C4CH         LINE#         350
  C:8C4CH         LINE#         351
  C:8C4CH         LINE#         426
  -------         ENDPROC       ADDTESTS
  -------         PROC          PRINT_EXAMPLE_RESULTS
  C:922DH         LINE#         428
  C:922DH         LINE#         429
  C:922DH         LINE#         430
  -------         ENDPROC       PRINT_EXAMPLE_RESULTS
  -------         ENDMOD        EXAMPLETESTS

  -------         MODULE        ?C?FPADD
  C:0F4BH         PUBLIC        ?C?FPADD
  C:0F47H         PUBLIC        ?C?FPSUB
  -------         ENDMOD        ?C?FPADD

  -------         MODULE        ?C?FPCMP
  C:103EH         PUBLIC        ?C?FPCMP
  C:103CH         PUBLIC        ?C?FPCMP3
  -------         ENDMOD        ?C?FPCMP

  -------         MODULE        ?C?FCAST
  C:10BFH         PUBLIC        ?C?FCASTC
  C:10BAH         PUBLIC        ?C?FCASTI
  C:10B5H         PUBLIC        ?C?FCASTL
  -------         ENDMOD        ?C?FCAST

  -------         MODULE        PRINTF
  X:2B42H         PUBLIC        ?_PRINTF?BYTE
  X:2B42H         PUBLIC        ?_SPRINTF?BYTE
  C:2DBAH         PUBLIC        _PRINTF
  C:2DB4H         PUBLIC        _SPRINTF
  -------         ENDMOD        PRINTF

  -------         MODULE        FABS
  C:9B7CH         PUBLIC        _FABS
  -------         ENDMOD        FABS

  -------         MODULE        ?C?FPROUND
  C:113DH         PUBLIC        ?C?FPROUND
BL51 BANKED LINKER/LOCATER V6.22                                                      08/05/2016  10:34:40  PAGE 54


  -------         ENDMOD        ?C?FPROUND

  -------         MODULE        ?C?FPCONVERT
  C:117AH         PUBLIC        ?C?FPCONVERT
  -------         ENDMOD        ?C?FPCONVERT

  -------         MODULE        ?C?FPMUL
  C:127FH         PUBLIC        ?C?FPMUL
  -------         ENDMOD        ?C?FPMUL

  -------         MODULE        ?C?FPDIV
  C:1388H         PUBLIC        ?C?FPDIV
  -------         ENDMOD        ?C?FPDIV

  -------         MODULE        ?C?FTNPWR
  C:1455H         PUBLIC        ?C?FTNPWR
  -------         ENDMOD        ?C?FTNPWR

  -------         MODULE        ?C?COPY
  C:1565H         PUBLIC        ?C?COPY
  -------         ENDMOD        ?C?COPY

  -------         MODULE        ?C?CLDPTR
  C:158BH         PUBLIC        ?C?CLDPTR
  -------         ENDMOD        ?C?CLDPTR

  -------         MODULE        ?C?CLDOPTR
  C:15A4H         PUBLIC        ?C?CLDOPTR
  -------         ENDMOD        ?C?CLDOPTR

  -------         MODULE        ?C?CSTPTR
  C:15D1H         PUBLIC        ?C?CSTPTR
  -------         ENDMOD        ?C?CSTPTR

  -------         MODULE        ?C?CSTOPTR
  C:15E3H         PUBLIC        ?C?CSTOPTR
  -------         ENDMOD        ?C?CSTOPTR

  -------         MODULE        ?C?IILDX
  C:1605H         PUBLIC        ?C?IILDX
  -------         ENDMOD        ?C?IILDX

  -------         MODULE        ?C?ILDIX
  C:161BH         PUBLIC        ?C?ILDIX
  -------         ENDMOD        ?C?ILDIX

  -------         MODULE        ?C?ILDPTR
  C:1631H         PUBLIC        ?C?ILDPTR
  -------         ENDMOD        ?C?ILDPTR

  -------         MODULE        ?C?ILDOPTR
  C:165CH         PUBLIC        ?C?ILDOPTR
  -------         ENDMOD        ?C?ILDOPTR

  -------         MODULE        ?C?IILDPTR
  C:1694H         PUBLIC        ?C?IILDPTR
  -------         ENDMOD        ?C?IILDPTR
BL51 BANKED LINKER/LOCATER V6.22                                                      08/05/2016  10:34:40  PAGE 55



  -------         MODULE        ?C?IILDOPTR
  C:16CCH         PUBLIC        ?C?IILDOPTR
  -------         ENDMOD        ?C?IILDOPTR

  -------         MODULE        ?C?ISTPTR
  C:1719H         PUBLIC        ?C?ISTPTR
  -------         ENDMOD        ?C?ISTPTR

  -------         MODULE        ?C?ISTOPTR
  C:1738H         PUBLIC        ?C?ISTOPTR
  -------         ENDMOD        ?C?ISTOPTR

  -------         MODULE        ?C?LNEG
  C:1765H         PUBLIC        ?C?LNEG
  -------         ENDMOD        ?C?LNEG

  -------         MODULE        ?C?LSTXDATA
  C:1773H         PUBLIC        ?C?LSTXDATA
  -------         ENDMOD        ?C?LSTXDATA

  -------         MODULE        ?C?LSTKOPTR
  C:177FH         PUBLIC        ?C?LSTKOPTR
  -------         ENDMOD        ?C?LSTKOPTR

  -------         MODULE        ?C?OFFXADD
  C:17A3H         PUBLIC        ?C?OFFXADD
  -------         ENDMOD        ?C?OFFXADD

  -------         MODULE        ?C?PLDIXDATA
  C:17AFH         PUBLIC        ?C?PLDIXDATA
  -------         ENDMOD        ?C?PLDIXDATA

  -------         MODULE        ?C?PSTXDATA
  C:17C6H         PUBLIC        ?C?PSTXDATA
  -------         ENDMOD        ?C?PSTXDATA

  -------         MODULE        ?C?PLDPTR
  C:17CFH         PUBLIC        ?C?PLDPTR
  -------         ENDMOD        ?C?PLDPTR

  -------         MODULE        ?C?PSTPTR
  C:17EFH         PUBLIC        ?C?PSTPTR
  -------         ENDMOD        ?C?PSTPTR

  -------         MODULE        ?C?PLDOPTR
  C:183EH         PUBLIC        ?C?PLDOPTR
  -------         ENDMOD        ?C?PLDOPTR

  -------         MODULE        ?C?PSTOPTR
  C:186EH         PUBLIC        ?C?PSTOPTR
  -------         ENDMOD        ?C?PSTOPTR

  -------         MODULE        ?C?CCASE
  C:18C7H         PUBLIC        ?C?CCASE
  -------         ENDMOD        ?C?CCASE

BL51 BANKED LINKER/LOCATER V6.22                                                      08/05/2016  10:34:40  PAGE 56


  -------         MODULE        ?C?ICALL
  C:18EDH         PUBLIC        ?C?ICALL
  C:18F1H         PUBLIC        ?C?ICALL2
  -------         ENDMOD        ?C?ICALL

  -------         MODULE        ISSPACE
  C:9B44H         PUBLIC        _isspace
  -------         ENDMOD        ISSPACE

  -------         MODULE        TOUPPER
  C:9B6BH         PUBLIC        _toupper
  -------         ENDMOD        TOUPPER

  -------         MODULE        ?C?STRCMP
  C:1A71H         PUBLIC        ?C?STRCMP
  -------         ENDMOD        ?C?STRCMP

  -------         MODULE        STRNCMP
  X:2D60H         PUBLIC        ?_strncmp?BYTE
  C:8B43H         PUBLIC        _strncmp
  -------         ENDMOD        STRNCMP

  -------         MODULE        ?C?STRCPY
  C:1B5AH         PUBLIC        ?C?STRCPY
  -------         ENDMOD        ?C?STRCPY

  -------         MODULE        STRLEN
  C:9B2FH         PUBLIC        _STRLEN
  -------         ENDMOD        STRLEN

  -------         MODULE        SETJMP
  C:9149H         PUBLIC        _LONGJMP
  C:9118H         PUBLIC        _SETJMP
  -------         ENDMOD        SETJMP

  -------         MODULE        MALLOC
  C:7E9BH         PUBLIC        _malloc
  -------         ENDMOD        MALLOC

  -------         MODULE        INIT_MEM
  X:2D68H         PUBLIC        __mem_avail__
  C:973BH         PUBLIC        _init_mempool
  -------         ENDMOD        INIT_MEM

  -------         MODULE        FREE
  C:6920H         PUBLIC        _free
  -------         ENDMOD        FREE

  -------         MODULE        ?C?LSTKIDATA
  C:1B77H         PUBLIC        ?C?LSTKIDATA
  -------         ENDMOD        ?C?LSTKIDATA

  -------         MODULE        ?C?LSTKXDATA
  C:1B90H         PUBLIC        ?C?LSTKXDATA
  -------         ENDMOD        ?C?LSTKXDATA

  -------         MODULE        ?C?LSTKPDATA
BL51 BANKED LINKER/LOCATER V6.22                                                      08/05/2016  10:34:40  PAGE 57


  C:1BC1H         PUBLIC        ?C?LSTKPDATA
  -------         ENDMOD        ?C?LSTKPDATA

  -------         MODULE        ?C?PLDIDATA
  C:1BDAH         PUBLIC        ?C?PLDIDATA
  -------         ENDMOD        ?C?PLDIDATA

  -------         MODULE        ?C?PSTIDATA
  C:1BE3H         PUBLIC        ?C?PSTIDATA
  -------         ENDMOD        ?C?PSTIDATA

  -------         MODULE        ?C?PLDXDATA
  C:1BECH         PUBLIC        ?C?PLDXDATA
  -------         ENDMOD        ?C?PLDXDATA

  -------         MODULE        ?C?PLDPDATA
  C:1BF5H         PUBLIC        ?C?PLDPDATA
  -------         ENDMOD        ?C?PLDPDATA

  -------         MODULE        ?C?PSTPDATA
  C:1BFEH         PUBLIC        ?C?PSTPDATA
  -------         ENDMOD        ?C?PSTPDATA

  -------         MODULE        ?C?PLDCODE
  C:1C07H         PUBLIC        ?C?PLDCODE
  -------         ENDMOD        ?C?PLDCODE

  -------         MODULE        ?C_XBP
  D:0015H         PUBLIC        ?C_XBP
  -------         ENDMOD        ?C_XBP

  -------         MODULE        ?C_IBP
  D:0017H         PUBLIC        ?C_IBP
  -------         ENDMOD        ?C_IBP

  -------         MODULE        ?C_PBP
  D:0018H         PUBLIC        ?C_PBP
  -------         ENDMOD        ?C_PBP

Program Size: data=43.3 xdata=11824 code=40205
LINK/LOCATE RUN COMPLETE.  0 WARNING(S),  0 ERROR(S)
